2026-07-29 15:12:28.586 [info] [main] Log level: Info
2026-07-29 15:12:28.586 [info] [main] Validating found git in: "git"
2026-07-29 15:12:28.586 [info] [main] Using git "2.55.0" from "git"
2026-07-29 15:12:28.586 [info] [Model][doInitialScan] Initial repository scan started
2026-07-29 15:12:28.586 [info] > git rev-parse --show-toplevel [3066ms]
2026-07-29 15:12:28.586 [info] fatal: not a git repository (or any parent up to mount point /)
Stopping at filesystem boundary (GIT_DISCOVERY_ACROSS_FILESYSTEM not set).
2026-07-29 15:12:28.586 [info] [Model][doInitialScan] Initial repository scan completed - repositories (0), closed repositories (0), parent repositories (0), unsafe repositories (0)
2026-07-29 15:12:35.791 [info] > git rev-parse --show-toplevel [3ms]
2026-07-29 15:12:35.791 [info] fatal: not a git repository (or any parent up to mount point /)
Stopping at filesystem boundary (GIT_DISCOVERY_ACROSS_FILESYSTEM not set).
2026-07-29 15:12:57.356 [info] [main] Log level: Info
2026-07-29 15:12:57.356 [info] [main] Validating found git in: "git"
2026-07-29 15:12:57.356 [info] [main] Using git "2.55.0" from "git"
2026-07-29 15:12:57.356 [info] [Model][doInitialScan] Initial repository scan started
2026-07-29 15:12:57.356 [info] > git rev-parse --show-toplevel [663ms]
2026-07-29 15:12:57.356 [info] fatal: not a git repository (or any parent up to mount point /)
Stopping at filesystem boundary (GIT_DISCOVERY_ACROSS_FILESYSTEM not set).
2026-07-29 15:12:57.356 [info] [Model][doInitialScan] Initial repository scan completed - repositories (0), closed repositories (0), parent repositories (0), unsafe repositories (0)
2026-07-29 15:12:57.369 [info] > git rev-parse --show-toplevel [31ms]
2026-07-29 15:12:57.369 [info] fatal: not a git repository (or any parent up to mount point /)
Stopping at filesystem boundary (GIT_DISCOVERY_ACROSS_FILESYSTEM not set).
2026-07-29 15:12:57.704 [info] > git rev-parse --show-toplevel [2ms]
2026-07-29 15:12:57.704 [info] fatal: not a git repository (or any parent up to mount point /)
Stopping at filesystem boundary (GIT_DISCOVERY_ACROSS_FILESYSTEM not set).
2026-07-29 15:12:58.788 [info] > git rev-parse --show-toplevel [2ms]
2026-07-29 15:12:58.788 [info] fatal: not a git repository (or any parent up to mount point /)
Stopping at filesystem boundary (GIT_DISCOVERY_ACROSS_FILESYSTEM not set).
2026-07-29 15:12:59.319 [info] > git rev-parse --show-toplevel [42ms]
2026-07-29 15:12:59.319 [info] fatal: not a git repository (or any parent up to mount point /)
Stopping at filesystem boundary (GIT_DISCOVERY_ACROSS_FILESYSTEM not set).
2026-07-29 15:12:59.319 [info] > git rev-parse --show-toplevel [49ms]
2026-07-29 15:12:59.319 [info] fatal: not a git repository (or any parent up to mount point /)
Stopping at filesystem boundary (GIT_DISCOVERY_ACROSS_FILESYSTEM not set).
2026-07-29 15:13:00.034 [info] > git rev-parse --show-toplevel [4ms]
2026-07-29 15:13:00.034 [info] fatal: not a git repository (or any parent up to mount point /)
Stopping at filesystem boundary (GIT_DISCOVERY_ACROSS_FILESYSTEM not set).
2026-07-29 15:13:34.187 [info] > git rev-parse --show-toplevel [4ms]
2026-07-29 15:13:34.187 [info] fatal: not a git repository (or any parent up to mount point /)
Stopping at filesystem boundary (GIT_DISCOVERY_ACROSS_FILESYSTEM not set).
