2026-07-14 15:45:02.494 [info] Getting Manifest... postman.postman-for-vscode
2026-07-14 15:45:02.863 [info] Installing extension: postman.postman-for-vscode {"isMachineScoped":false,"installPreReleaseVersion":false,"pinned":false,"profileLocation":{"$mid":1,"external":"vscode-userdata:/home/pinto/.vscode-oss/extensions/extensions.json","path":"/home/pinto/.vscode-oss/extensions/extensions.json","scheme":"vscode-userdata"},"isBuiltin":false,"isApplicationScoped":false,"productVersion":{"version":"1.127.0","date":"2026-06-30T11:53:00Z"}}
2026-07-14 15:45:22.218 [info] Extension signature verification result for postman.postman-for-vscode: Success. Executed: true. Duration: 535ms.
2026-07-14 15:45:23.362 [info] Extracted extension to file:///home/pinto/.vscode-oss/extensions/postman.postman-for-vscode-1.19.1-universal: postman.postman-for-vscode
2026-07-14 15:45:23.422 [info] Renamed to /home/pinto/.vscode-oss/extensions/postman.postman-for-vscode-1.19.1-universal
2026-07-14 15:45:23.430 [info] Extension installed successfully: postman.postman-for-vscode vscode-userdata:/home/pinto/.vscode-oss/extensions/extensions.json
2026-07-14 15:47:20.652 [info] Getting Manifest... ms-python.python
2026-07-14 15:47:21.052 [info] Installing extension: ms-python.python {"isMachineScoped":false,"installPreReleaseVersion":false,"pinned":false,"profileLocation":{"$mid":1,"external":"vscode-userdata:/home/pinto/.vscode-oss/extensions/extensions.json","path":"/home/pinto/.vscode-oss/extensions/extensions.json","scheme":"vscode-userdata"},"isBuiltin":false,"isApplicationScoped":false,"productVersion":{"version":"1.127.0","date":"2026-06-30T11:53:00Z"}}
2026-07-14 15:47:21.351 [info] Getting Manifest... ms-python.debugpy
2026-07-14 15:47:21.735 [info] Getting Manifest... ms-python.vscode-python-envs
2026-07-14 15:47:21.948 [info] Installing extension: ms-python.debugpy {"isMachineScoped":false,"installPreReleaseVersion":false,"pinned":false,"profileLocation":{"$mid":1,"external":"vscode-userdata:/home/pinto/.vscode-oss/extensions/extensions.json","path":"/home/pinto/.vscode-oss/extensions/extensions.json","scheme":"vscode-userdata"},"isBuiltin":false,"isApplicationScoped":false,"productVersion":{"version":"1.127.0","date":"2026-06-30T11:53:00Z"},"installGivenVersion":false,"context":{"dependecyOrPackExtensionInstall":true}}
2026-07-14 15:47:21.948 [info] Installing extension: ms-python.vscode-python-envs {"isMachineScoped":false,"installPreReleaseVersion":false,"pinned":false,"profileLocation":{"$mid":1,"external":"vscode-userdata:/home/pinto/.vscode-oss/extensions/extensions.json","path":"/home/pinto/.vscode-oss/extensions/extensions.json","scheme":"vscode-userdata"},"isBuiltin":false,"isApplicationScoped":false,"productVersion":{"version":"1.127.0","date":"2026-06-30T11:53:00Z"},"installGivenVersion":false,"context":{"dependecyOrPackExtensionInstall":true}}
2026-07-14 15:47:23.335 [info] Extension signature verification result for ms-python.debugpy: Success. Executed: true. Duration: 253ms.
2026-07-14 15:47:23.389 [info] Extension signature verification result for ms-python.python: Success. Executed: true. Duration: 308ms.
2026-07-14 15:47:23.511 [info] Extension signature verification result for ms-python.vscode-python-envs: Success. Executed: true. Duration: 227ms.
2026-07-14 15:47:23.554 [info] Extracted extension to file:///home/pinto/.vscode-oss/extensions/ms-python.debugpy-2026.6.0-linux-x64: ms-python.debugpy
2026-07-14 15:47:23.568 [info] Renamed to /home/pinto/.vscode-oss/extensions/ms-python.debugpy-2026.6.0-linux-x64
2026-07-14 15:47:23.587 [info] Extracted extension to file:///home/pinto/.vscode-oss/extensions/ms-python.vscode-python-envs-1.36.0-universal: ms-python.vscode-python-envs
2026-07-14 15:47:23.592 [info] Renamed to /home/pinto/.vscode-oss/extensions/ms-python.vscode-python-envs-1.36.0-universal
2026-07-14 15:47:24.034 [info] Extracted extension to file:///home/pinto/.vscode-oss/extensions/ms-python.python-2026.4.0-universal: ms-python.python
2026-07-14 15:47:24.081 [info] Renamed to /home/pinto/.vscode-oss/extensions/ms-python.python-2026.4.0-universal
2026-07-14 15:47:24.093 [info] Extension installed successfully: ms-python.debugpy vscode-userdata:/home/pinto/.vscode-oss/extensions/extensions.json
2026-07-14 15:47:24.093 [info] Extension installed successfully: ms-python.vscode-python-envs vscode-userdata:/home/pinto/.vscode-oss/extensions/extensions.json
2026-07-14 15:47:24.093 [info] Extension installed successfully: ms-python.python vscode-userdata:/home/pinto/.vscode-oss/extensions/extensions.json
2026-07-14 15:47:32.687 [info] Getting Manifest... vue.volar
2026-07-14 15:47:33.047 [info] Installing extension: vue.volar {"isMachineScoped":false,"installPreReleaseVersion":false,"pinned":false,"profileLocation":{"$mid":1,"external":"vscode-userdata:/home/pinto/.vscode-oss/extensions/extensions.json","path":"/home/pinto/.vscode-oss/extensions/extensions.json","scheme":"vscode-userdata"},"isBuiltin":false,"isApplicationScoped":false,"productVersion":{"version":"1.127.0","date":"2026-06-30T11:53:00Z"}}
2026-07-14 15:47:34.467 [info] Extension signature verification result for vue.volar: Success. Executed: true. Duration: 229ms.
2026-07-14 15:47:34.490 [info] Extracted extension to file:///home/pinto/.vscode-oss/extensions/vue.volar-3.3.6-universal: vue.volar
2026-07-14 15:47:34.498 [info] Renamed to /home/pinto/.vscode-oss/extensions/vue.volar-3.3.6-universal
2026-07-14 15:47:34.508 [info] Extension installed successfully: vue.volar vscode-userdata:/home/pinto/.vscode-oss/extensions/extensions.json
