2026-07-14 16:00:31.440 [info] Reading sessions from keychain...
2026-07-14 16:00:31.440 [info] Getting sessions for all scopes...
2026-07-14 16:00:31.440 [info] Got stored sessions!
2026-07-14 16:00:31.440 [info] Got 1 verified sessions.
2026-07-14 16:00:31.440 [info] Got 1 sessions for ...
2026-07-14 16:00:31.440 [info] Getting sessions for all scopes...
2026-07-14 16:00:31.440 [info] Got 1 sessions for ...
2026-07-14 16:00:31.440 [info] Getting sessions for all scopes...
2026-07-14 16:00:31.440 [info] Got 1 sessions for ...
2026-07-14 16:00:31.495 [info] Getting sessions for all scopes...
2026-07-14 16:00:31.495 [info] Got 1 sessions for ...
2026-07-14 16:00:32.688 [info] Getting sessions for all scopes...
2026-07-14 16:00:32.688 [info] Got 1 sessions for ...
2026-07-14 16:00:32.688 [info] Getting sessions for all scopes...
2026-07-14 16:00:32.688 [info] Got 1 sessions for ...
2026-07-14 16:00:32.715 [info] Getting sessions for all scopes...
2026-07-14 16:00:32.715 [info] Got 1 sessions for ...
2026-07-14 16:00:32.731 [info] Getting sessions for read:user,repo,user:email,workflow...
2026-07-14 16:00:32.731 [info] Got 1 sessions for read:user,repo,user:email,workflow...
2026-07-14 16:00:33.193 [info] Getting sessions for all scopes...
2026-07-14 16:00:33.193 [info] Got 1 sessions for ...
2026-07-14 16:00:33.353 [info] Getting sessions for all scopes...
2026-07-14 16:00:33.353 [info] Got 1 sessions for ...
2026-07-14 16:00:33.353 [info] Getting sessions for all scopes...
2026-07-14 16:00:33.353 [info] Got 1 sessions for ...
2026-07-14 16:00:33.360 [info] Getting sessions for read:user,repo,user:email,workflow...
2026-07-14 16:00:33.360 [info] Got 1 sessions for read:user,repo,user:email,workflow...
2026-07-14 16:00:33.452 [info] Getting sessions for all scopes...
2026-07-14 16:00:33.452 [info] Got 1 sessions for ...
2026-07-14 16:00:33.456 [info] Getting sessions for all scopes...
2026-07-14 16:00:33.456 [info] Got 1 sessions for ...
2026-07-14 16:00:33.664 [info] Getting sessions for all scopes...
2026-07-14 16:00:33.664 [info] Got 1 sessions for ...
2026-07-14 16:00:33.665 [info] Getting sessions for read:user,repo,user:email,workflow...
2026-07-14 16:00:33.665 [info] Got 1 sessions for read:user,repo,user:email,workflow...
2026-07-14 16:00:33.674 [info] Getting sessions for all scopes...
2026-07-14 16:00:33.674 [info] Got 1 sessions for ...
2026-07-14 16:00:33.675 [info] Getting sessions for read:user,repo,user:email,workflow...
2026-07-14 16:00:33.675 [info] Got 1 sessions for read:user,repo,user:email,workflow...
2026-07-14 16:00:33.742 [info] Getting sessions for all scopes...
2026-07-14 16:00:33.742 [info] Got 1 sessions for ...
2026-07-14 16:00:33.743 [info] Getting sessions for read:user,repo,user:email,workflow...
2026-07-14 16:00:33.743 [info] Got 1 sessions for read:user,repo,user:email,workflow...
2026-07-14 16:00:33.831 [info] Getting sessions for all scopes...
2026-07-14 16:00:33.831 [info] Got 1 sessions for ...
2026-07-14 16:00:33.835 [info] Getting sessions for read:user,repo,user:email,workflow...
2026-07-14 16:00:33.835 [info] Got 1 sessions for read:user,repo,user:email,workflow...
2026-07-14 16:00:34.208 [info] Getting sessions for all scopes...
2026-07-14 16:00:34.208 [info] Got 1 sessions for ...
2026-07-14 16:00:34.212 [info] Getting sessions for read:user,repo,user:email,workflow...
2026-07-14 16:00:34.212 [info] Got 1 sessions for read:user,repo,user:email,workflow...
2026-07-14 16:01:09.035 [info] Getting sessions for all scopes...
2026-07-14 16:01:09.035 [info] Got 1 sessions for ...
2026-07-14 16:01:09.035 [info] Getting sessions for all scopes...
2026-07-14 16:01:09.035 [info] Got 1 sessions for ...
2026-07-14 16:01:23.688 [info] Getting sessions for all scopes...
2026-07-14 16:01:23.688 [info] Got 1 sessions for ...
2026-07-14 16:01:23.689 [info] Getting sessions for all scopes...
2026-07-14 16:01:23.690 [info] Got 1 sessions for ...
2026-07-14 16:04:46.733 [info] Getting sessions for all scopes...
2026-07-14 16:04:46.733 [info] Got 1 sessions for ...
2026-07-14 16:04:46.734 [info] Getting sessions for all scopes...
2026-07-14 16:04:46.734 [info] Got 1 sessions for ...
2026-07-14 16:55:34.612 [info] Getting sessions for all scopes...
2026-07-14 16:55:34.617 [info] Got 1 sessions for ...
2026-07-14 16:55:34.620 [info] Getting sessions for read:user,repo,user:email,workflow...
2026-07-14 16:55:34.620 [info] Got 1 sessions for read:user,repo,user:email,workflow...
2026-07-14 16:55:35.373 [info] Getting sessions for all scopes...
2026-07-14 16:55:35.373 [info] Got 1 sessions for ...
2026-07-14 16:55:35.374 [info] Getting sessions for all scopes...
2026-07-14 16:55:35.374 [info] Got 1 sessions for ...
2026-07-14 16:55:35.375 [info] Getting sessions for read:user,repo,user:email,workflow...
2026-07-14 16:55:35.375 [info] Got 1 sessions for read:user,repo,user:email,workflow...
2026-07-14 17:02:04.881 [info] Getting sessions for all scopes...
2026-07-14 17:02:04.882 [info] Got 1 sessions for ...
2026-07-14 17:02:04.883 [info] Getting sessions for all scopes...
2026-07-14 17:02:04.883 [info] Got 1 sessions for ...
2026-07-14 17:02:43.241 [info] Getting sessions for all scopes...
2026-07-14 17:02:43.241 [info] Got 1 sessions for ...
2026-07-14 17:02:43.243 [info] Getting sessions for all scopes...
2026-07-14 17:02:43.243 [info] Got 1 sessions for ...
2026-07-14 17:51:35.589 [info] Getting sessions for all scopes...
2026-07-14 17:51:35.595 [info] Got 1 sessions for ...
2026-07-14 17:51:35.599 [info] Getting sessions for read:user,repo,user:email,workflow...
2026-07-14 17:51:35.599 [info] Got 1 sessions for read:user,repo,user:email,workflow...
2026-07-14 17:51:36.463 [info] Getting sessions for all scopes...
2026-07-14 17:51:36.463 [info] Got 1 sessions for ...
2026-07-14 17:51:36.463 [info] Getting sessions for all scopes...
2026-07-14 17:51:36.463 [info] Got 1 sessions for ...
2026-07-14 17:51:36.471 [info] Getting sessions for read:user,repo,user:email,workflow...
2026-07-14 17:51:36.471 [info] Got 1 sessions for read:user,repo,user:email,workflow...
2026-07-14 17:55:54.094 [info] Getting sessions for all scopes...
2026-07-14 17:55:54.094 [info] Got 1 sessions for ...
2026-07-14 17:55:54.096 [info] Getting sessions for all scopes...
2026-07-14 17:55:54.096 [info] Got 1 sessions for ...
