2026-07-14 15:44:12.308 [info] Reading sessions from keychain...
2026-07-14 15:44:12.308 [info] Getting sessions for all scopes...
2026-07-14 15:44:12.308 [info] Got 0 sessions for ...
2026-07-14 15:44:12.308 [info] Getting sessions for all scopes...
2026-07-14 15:44:12.308 [info] Got 0 sessions for ...
2026-07-14 15:44:12.308 [info] Getting sessions for all scopes...
2026-07-14 15:44:12.308 [info] Got 0 sessions for ...
2026-07-14 15:44:12.308 [info] Getting sessions for all scopes...
2026-07-14 15:44:12.308 [info] Got 0 sessions for ...
2026-07-14 15:44:12.308 [info] Getting sessions for all scopes...
2026-07-14 15:44:12.308 [info] Got 0 sessions for ...
2026-07-14 15:44:12.796 [info] Getting sessions for all scopes...
2026-07-14 15:44:12.796 [info] Got 0 sessions for ...
2026-07-14 15:44:15.058 [info] Getting sessions for all scopes...
2026-07-14 15:44:15.058 [info] Got 0 sessions for ...
2026-07-14 15:45:05.536 [info] Logging in with 'any' account...
2026-07-14 15:45:05.536 [info] Logging in for the following scopes: read:user repo user:email workflow
2026-07-14 15:45:05.552 [info] Trying device code flow... (read:user repo user:email workflow)
2026-07-14 15:46:37.504 [info] Getting user info...
2026-07-14 15:46:38.011 [info] Got account info!
2026-07-14 15:46:38.012 [info] Storing 1 sessions...
2026-07-14 15:46:44.295 [info] Reading sessions from keychain...
2026-07-14 15:46:44.295 [info] Stored 1 sessions!
2026-07-14 15:46:44.295 [info] Login success!
2026-07-14 15:46:44.296 [info] Got stored sessions!
2026-07-14 15:46:44.296 [info] Got 1 verified sessions.
2026-07-14 15:46:44.399 [info] Getting sessions for all scopes...
2026-07-14 15:46:44.399 [info] Got 1 sessions for ...
2026-07-14 15:46:44.401 [info] Getting sessions for all scopes...
2026-07-14 15:46:44.401 [info] Got 1 sessions for ...
2026-07-14 15:46:49.250 [info] Getting sessions for all scopes...
2026-07-14 15:46:49.250 [info] Got 1 sessions for ...
2026-07-14 15:46:49.250 [info] Getting sessions for all scopes...
2026-07-14 15:46:49.250 [info] Got 1 sessions for ...
2026-07-14 15:46:49.282 [info] Getting sessions for all scopes...
2026-07-14 15:46:49.282 [info] Got 1 sessions for ...
2026-07-14 15:46:49.291 [info] Getting sessions for read:user,repo,user:email,workflow...
2026-07-14 15:46:49.291 [info] Got 1 sessions for read:user,repo,user:email,workflow...
2026-07-14 15:46:49.786 [info] Getting sessions for all scopes...
2026-07-14 15:46:49.786 [info] Got 1 sessions for ...
2026-07-14 15:46:49.786 [info] Getting sessions for all scopes...
2026-07-14 15:46:49.786 [info] Got 1 sessions for ...
2026-07-14 15:46:49.804 [info] Getting sessions for read:user,repo,user:email,workflow...
2026-07-14 15:46:49.804 [info] Got 1 sessions for read:user,repo,user:email,workflow...
2026-07-14 15:46:49.885 [info] Getting sessions for all scopes...
2026-07-14 15:46:49.885 [info] Got 1 sessions for ...
2026-07-14 15:46:49.886 [info] Getting sessions for all scopes...
2026-07-14 15:46:49.886 [info] Got 1 sessions for ...
2026-07-14 15:46:50.115 [info] Getting sessions for all scopes...
2026-07-14 15:46:50.115 [info] Got 1 sessions for ...
2026-07-14 15:46:50.117 [info] Getting sessions for read:user,repo,user:email,workflow...
2026-07-14 15:46:50.117 [info] Got 1 sessions for read:user,repo,user:email,workflow...
2026-07-14 15:46:50.125 [info] Getting sessions for all scopes...
2026-07-14 15:46:50.125 [info] Got 1 sessions for ...
2026-07-14 15:46:50.126 [info] Getting sessions for read:user,repo,user:email,workflow...
2026-07-14 15:46:50.126 [info] Got 1 sessions for read:user,repo,user:email,workflow...
2026-07-14 15:46:50.267 [info] Getting sessions for all scopes...
2026-07-14 15:46:50.267 [info] Got 1 sessions for ...
2026-07-14 15:46:50.270 [info] Getting sessions for read:user,repo,user:email,workflow...
2026-07-14 15:46:50.270 [info] Got 1 sessions for read:user,repo,user:email,workflow...
2026-07-14 15:46:50.312 [info] Getting sessions for all scopes...
2026-07-14 15:46:50.312 [info] Got 1 sessions for ...
2026-07-14 15:46:50.312 [info] Getting sessions for read:user,repo,user:email,workflow...
2026-07-14 15:46:50.312 [info] Got 1 sessions for read:user,repo,user:email,workflow...
2026-07-14 15:47:39.267 [info] Getting sessions for read:user,repo,user:email,workflow...
2026-07-14 15:47:39.268 [info] Got 1 sessions for read:user,repo,user:email,workflow...
2026-07-14 15:47:39.765 [info] Getting sessions for all scopes...
2026-07-14 15:47:39.766 [info] Got 1 sessions for ...
2026-07-14 15:47:39.767 [info] Getting sessions for all scopes...
2026-07-14 15:47:39.767 [info] Got 1 sessions for ...
2026-07-14 15:47:40.788 [info] Getting sessions for all scopes...
2026-07-14 15:47:40.788 [info] Got 1 sessions for ...
2026-07-14 15:47:40.890 [info] Getting sessions for all scopes...
2026-07-14 15:47:40.890 [info] Got 1 sessions for ...
2026-07-14 15:47:40.891 [info] Getting sessions for all scopes...
2026-07-14 15:47:40.891 [info] Got 1 sessions for ...
2026-07-14 15:47:44.207 [info] Getting sessions for all scopes...
2026-07-14 15:47:44.207 [info] Got 1 sessions for ...
2026-07-14 15:47:44.208 [info] Getting sessions for all scopes...
2026-07-14 15:47:44.208 [info] Got 1 sessions for ...
2026-07-14 15:47:47.012 [info] Getting sessions for all scopes...
2026-07-14 15:47:47.012 [info] Got 1 sessions for ...
2026-07-14 15:47:47.018 [info] Getting sessions for all scopes...
2026-07-14 15:47:47.018 [info] Got 1 sessions for ...
