2026-09-25 10:13:19.696 [info] Reading sessions from keychain...
2026-09-25 10:13:19.696 [info] Getting sessions for all scopes...
2026-09-25 10:13:19.696 [info] Got stored sessions!
2026-09-25 10:13:19.696 [info] Got 1 verified sessions.
2026-09-25 10:13:19.696 [info] Got 1 sessions for all scopes...
2026-09-25 10:13:19.696 [info] Getting sessions for all scopes...
2026-09-25 10:13:19.696 [info] Got 1 sessions for all scopes...
2026-09-25 10:13:19.696 [info] Getting sessions for all scopes...
2026-09-25 10:13:19.696 [info] Got 1 sessions for all scopes...
2026-09-25 10:13:19.696 [info] Getting sessions for all scopes...
2026-09-25 10:13:19.696 [info] Got 1 sessions for all scopes...
2026-09-25 10:13:19.696 [info] Getting sessions for read:user,user:email...
2026-09-25 10:13:19.696 [info] Got 0 sessions for read:user,user:email...
2026-09-25 10:13:19.696 [info] Getting sessions for all scopes...
2026-09-25 10:13:19.696 [info] Got 1 sessions for all scopes...
2026-09-25 10:13:19.696 [info] Getting sessions for all scopes...
2026-09-25 10:13:19.696 [info] Got 1 sessions for all scopes...
2026-09-25 10:13:19.696 [info] Getting sessions for all scopes...
2026-09-25 10:13:19.696 [info] Got 1 sessions for all scopes...
2026-09-25 10:13:19.696 [info] Getting sessions for all scopes...
2026-09-25 10:13:19.696 [info] Got 1 sessions for all scopes...
2026-09-25 10:13:19.696 [info] Getting sessions for all scopes...
2026-09-25 10:13:19.696 [info] Got 1 sessions for all scopes...
2026-09-25 10:13:19.696 [info] Getting sessions for read:user,repo,user:email,workflow...
2026-09-25 10:13:19.696 [info] Got 1 sessions for read:user,repo,user:email,workflow...
2026-09-25 10:13:21.401 [info] Getting sessions for all scopes...
2026-09-25 10:13:21.401 [info] Got 1 sessions for all scopes...
2026-09-25 10:13:21.755 [info] Getting sessions for repo...
2026-09-25 10:13:21.755 [info] Got 0 sessions for repo...
2026-09-25 10:13:21.917 [info] Getting sessions for all scopes...
2026-09-25 10:13:21.917 [info] Got 1 sessions for all scopes...
2026-09-25 10:13:21.980 [info] Getting sessions for read:user,repo,user:email,workflow...
2026-09-25 10:13:21.980 [info] Got 1 sessions for read:user,repo,user:email,workflow...
2026-09-25 10:13:21.980 [info] Getting sessions for all scopes...
2026-09-25 10:13:21.980 [info] Got 1 sessions for all scopes...
2026-09-25 10:13:21.980 [info] Getting sessions for all scopes...
2026-09-25 10:13:21.981 [info] Got 1 sessions for all scopes...
2026-09-25 10:13:22.279 [info] Getting sessions for read:user,repo,user:email,workflow...
2026-09-25 10:13:22.279 [info] Got 1 sessions for read:user,repo,user:email,workflow...
2026-09-25 10:13:22.344 [info] Getting sessions for all scopes...
2026-09-25 10:13:22.344 [info] Got 1 sessions for all scopes...
2026-09-25 10:13:22.352 [info] Getting sessions for all scopes...
2026-09-25 10:13:22.352 [info] Got 1 sessions for all scopes...
2026-09-25 10:13:22.354 [info] Getting sessions for all scopes...
2026-09-25 10:13:22.354 [info] Got 1 sessions for all scopes...
2026-09-25 10:13:22.356 [info] Getting sessions for read:user,repo,user:email,workflow...
2026-09-25 10:13:22.357 [info] Got 1 sessions for read:user,repo,user:email,workflow...
2026-09-25 10:13:22.677 [info] Getting sessions for all scopes...
2026-09-25 10:13:22.677 [info] Got 1 sessions for all scopes...
2026-09-25 10:13:22.679 [info] Getting sessions for read:user,repo,user:email,workflow...
2026-09-25 10:13:22.679 [info] Got 1 sessions for read:user,repo,user:email,workflow...
2026-09-25 10:13:22.690 [info] Getting sessions for all scopes...
2026-09-25 10:13:22.690 [info] Got 1 sessions for all scopes...
2026-09-25 10:13:22.691 [info] Getting sessions for read:user,repo,user:email,workflow...
2026-09-25 10:13:22.691 [info] Got 1 sessions for read:user,repo,user:email,workflow...
2026-09-25 10:13:22.827 [info] Getting sessions for all scopes...
2026-09-25 10:13:22.827 [info] Got 1 sessions for all scopes...
2026-09-25 10:13:22.828 [info] Getting sessions for all scopes...
2026-09-25 10:13:22.828 [info] Got 1 sessions for all scopes...
2026-09-25 10:13:22.855 [info] Getting sessions for read:user,repo,user:email,workflow...
2026-09-25 10:13:22.855 [info] Got 1 sessions for read:user,repo,user:email,workflow...
2026-09-25 10:13:22.955 [info] Getting sessions for all scopes...
2026-09-25 10:13:22.956 [info] Got 1 sessions for all scopes...
2026-09-25 10:13:23.033 [info] Getting sessions for read:user,repo,user:email,workflow...
2026-09-25 10:13:23.033 [info] Got 1 sessions for read:user,repo,user:email,workflow...
2026-09-25 10:13:23.041 [info] Getting sessions for read:user,user:email...
2026-09-25 10:13:23.041 [info] Got 0 sessions for read:user,user:email...
2026-09-25 10:13:23.044 [info] Getting sessions for all scopes...
2026-09-25 10:13:23.044 [info] Got 1 sessions for all scopes...
2026-09-25 10:13:23.055 [info] Getting sessions for repo...
2026-09-25 10:13:23.055 [info] Got 0 sessions for repo...
2026-09-25 10:13:23.056 [info] Getting sessions for all scopes...
2026-09-25 10:13:23.056 [info] Got 1 sessions for all scopes...
2026-09-25 10:13:23.341 [info] Getting sessions for read:user,user:email...
2026-09-25 10:13:23.341 [info] Got 0 sessions for read:user,user:email...
2026-09-25 10:13:23.346 [info] Getting sessions for all scopes...
2026-09-25 10:13:23.346 [info] Got 1 sessions for all scopes...
2026-09-25 10:13:23.350 [info] Getting sessions for repo...
2026-09-25 10:13:23.350 [info] Got 0 sessions for repo...
2026-09-25 10:13:23.353 [info] Getting sessions for all scopes...
2026-09-25 10:13:23.353 [info] Got 1 sessions for all scopes...
2026-09-25 10:13:23.461 [info] Getting sessions for all scopes...
2026-09-25 10:13:23.461 [info] Got 1 sessions for all scopes...
2026-09-25 10:13:23.463 [info] Getting sessions for read:user,repo,user:email,workflow...
2026-09-25 10:13:23.463 [info] Got 1 sessions for read:user,repo,user:email,workflow...
2026-09-25 10:13:23.483 [info] Getting sessions for all scopes...
2026-09-25 10:13:23.483 [info] Got 1 sessions for all scopes...
2026-09-25 10:13:23.485 [info] Getting sessions for read:user,repo,user:email,workflow...
2026-09-25 10:13:23.485 [info] Got 1 sessions for read:user,repo,user:email,workflow...
