2026-09-22 08:27:50.605 [info] Reading sessions from keychain...
2026-09-22 08:27:50.605 [info] Getting sessions for all scopes...
2026-09-22 08:27:50.606 [info] Got stored sessions!
2026-09-22 08:27:50.606 [info] Got 1 verified sessions.
2026-09-22 08:27:50.606 [info] Got 1 sessions for all scopes...
2026-09-22 08:27:50.606 [info] Getting sessions for all scopes...
2026-09-22 08:27:50.606 [info] Got 1 sessions for all scopes...
2026-09-22 08:27:50.606 [info] Getting sessions for all scopes...
2026-09-22 08:27:50.606 [info] Got 1 sessions for all scopes...
2026-09-22 08:27:50.606 [info] Getting sessions for all scopes...
2026-09-22 08:27:50.606 [info] Got 1 sessions for all scopes...
2026-09-22 08:27:50.606 [info] Getting sessions for read:user,user:email...
2026-09-22 08:27:50.606 [info] Got 0 sessions for read:user,user:email...
2026-09-22 08:27:50.606 [info] Getting sessions for read:user,user:email...
2026-09-22 08:27:50.606 [info] Got 0 sessions for read:user,user:email...
2026-09-22 08:27:50.606 [info] Getting sessions for read:user,user:email...
2026-09-22 08:27:50.606 [info] Got 0 sessions for read:user,user:email...
2026-09-22 08:27:50.606 [info] Getting sessions for read:user,user:email...
2026-09-22 08:27:50.606 [info] Got 0 sessions for read:user,user:email...
2026-09-22 08:27:50.606 [info] Getting sessions for read:user,user:email...
2026-09-22 08:27:50.606 [info] Got 0 sessions for read:user,user:email...
2026-09-22 08:27:50.606 [info] Getting sessions for read:user,user:email...
2026-09-22 08:27:50.606 [info] Got 0 sessions for read:user,user:email...
2026-09-22 08:27:50.606 [info] Getting sessions for read:user,user:email...
2026-09-22 08:27:50.606 [info] Got 0 sessions for read:user,user:email...
2026-09-22 08:27:50.606 [info] Getting sessions for read:user,user:email...
2026-09-22 08:27:50.606 [info] Got 0 sessions for read:user,user:email...
2026-09-22 08:27:50.606 [info] Getting sessions for read:user,user:email...
2026-09-22 08:27:50.606 [info] Got 0 sessions for read:user,user:email...
2026-09-22 08:27:50.606 [info] Getting sessions for read:user,user:email...
2026-09-22 08:27:50.606 [info] Got 0 sessions for read:user,user:email...
2026-09-22 08:27:50.606 [info] Getting sessions for read:user,user:email...
2026-09-22 08:27:50.606 [info] Got 0 sessions for read:user,user:email...
2026-09-22 08:27:50.606 [info] Getting sessions for read:user,user:email...
2026-09-22 08:27:50.606 [info] Got 0 sessions for read:user,user:email...
2026-09-22 08:27:50.606 [info] Getting sessions for read:user,user:email...
2026-09-22 08:27:50.606 [info] Got 0 sessions for read:user,user:email...
2026-09-22 08:27:50.606 [info] Getting sessions for all scopes...
2026-09-22 08:27:50.606 [info] Got 1 sessions for all scopes...
2026-09-22 08:27:50.606 [info] Getting sessions for all scopes...
2026-09-22 08:27:50.606 [info] Got 1 sessions for all scopes...
2026-09-22 08:27:50.606 [info] Getting sessions for all scopes...
2026-09-22 08:27:50.606 [info] Got 1 sessions for all scopes...
2026-09-22 08:27:50.606 [info] Getting sessions for all scopes...
2026-09-22 08:27:50.606 [info] Got 1 sessions for all scopes...
2026-09-22 08:27:50.606 [info] Getting sessions for all scopes...
2026-09-22 08:27:50.606 [info] Got 1 sessions for all scopes...
2026-09-22 08:27:50.606 [info] Getting sessions for all scopes...
2026-09-22 08:27:50.606 [info] Got 1 sessions for all scopes...
2026-09-22 08:27:50.606 [info] Getting sessions for all scopes...
2026-09-22 08:27:50.606 [info] Got 1 sessions for all scopes...
2026-09-22 08:27:50.606 [info] Getting sessions for all scopes...
2026-09-22 08:27:50.606 [info] Got 1 sessions for all scopes...
2026-09-22 08:27:50.606 [info] Getting sessions for all scopes...
2026-09-22 08:27:50.606 [info] Got 1 sessions for all scopes...
2026-09-22 08:27:50.606 [info] Getting sessions for all scopes...
2026-09-22 08:27:50.606 [info] Got 1 sessions for all scopes...
2026-09-22 08:27:50.606 [info] Getting sessions for all scopes...
2026-09-22 08:27:50.606 [info] Got 1 sessions for all scopes...
2026-09-22 08:27:50.606 [info] Getting sessions for all scopes...
2026-09-22 08:27:50.606 [info] Got 1 sessions for all scopes...
2026-09-22 08:27:50.606 [info] Getting sessions for all scopes...
2026-09-22 08:27:50.606 [info] Got 1 sessions for all scopes...
2026-09-22 08:27:50.606 [info] Getting sessions for all scopes...
2026-09-22 08:27:50.606 [info] Got 1 sessions for all scopes...
2026-09-22 08:27:50.606 [info] Getting sessions for all scopes...
2026-09-22 08:27:50.606 [info] Got 1 sessions for all scopes...
2026-09-22 08:27:50.606 [info] Getting sessions for all scopes...
2026-09-22 08:27:50.606 [info] Got 1 sessions for all scopes...
2026-09-22 08:27:50.606 [info] Getting sessions for all scopes...
2026-09-22 08:27:50.606 [info] Got 1 sessions for all scopes...
2026-09-22 08:27:50.609 [info] Getting sessions for read:user,repo,user:email,workflow...
2026-09-22 08:27:50.610 [info] Got 1 sessions for read:user,repo,user:email,workflow...
2026-09-22 08:27:51.989 [info] Getting sessions for all scopes...
2026-09-22 08:27:51.989 [info] Got 1 sessions for all scopes...
2026-09-22 08:27:52.134 [info] Getting sessions for all scopes...
2026-09-22 08:27:52.134 [info] Got 1 sessions for all scopes...
2026-09-22 08:27:52.182 [info] Getting sessions for read:user,repo,user:email,workflow...
2026-09-22 08:27:52.182 [info] Got 1 sessions for read:user,repo,user:email,workflow...
2026-09-22 08:27:52.218 [info] Getting sessions for repo...
2026-09-22 08:27:52.218 [info] Got 0 sessions for repo...
2026-09-22 08:27:52.218 [info] Getting sessions for repo...
2026-09-22 08:27:52.219 [info] Got 0 sessions for repo...
2026-09-22 08:27:52.219 [info] Getting sessions for repo...
2026-09-22 08:27:52.219 [info] Got 0 sessions for repo...
2026-09-22 08:27:52.219 [info] Getting sessions for repo...
2026-09-22 08:27:52.219 [info] Got 0 sessions for repo...
2026-09-22 08:27:52.220 [info] Getting sessions for repo...
2026-09-22 08:27:52.220 [info] Got 0 sessions for repo...
2026-09-22 08:27:52.220 [info] Getting sessions for repo...
2026-09-22 08:27:52.220 [info] Got 0 sessions for repo...
2026-09-22 08:27:52.220 [info] Getting sessions for repo...
2026-09-22 08:27:52.220 [info] Got 0 sessions for repo...
2026-09-22 08:27:52.220 [info] Getting sessions for repo...
2026-09-22 08:27:52.220 [info] Got 0 sessions for repo...
2026-09-22 08:27:52.221 [info] Getting sessions for repo...
2026-09-22 08:27:52.221 [info] Got 0 sessions for repo...
2026-09-22 08:27:52.221 [info] Getting sessions for repo...
2026-09-22 08:27:52.221 [info] Got 0 sessions for repo...
2026-09-22 08:27:52.221 [info] Getting sessions for repo...
2026-09-22 08:27:52.221 [info] Got 0 sessions for repo...
2026-09-22 08:27:52.221 [info] Getting sessions for repo...
2026-09-22 08:27:52.222 [info] Got 0 sessions for repo...
2026-09-22 08:27:52.222 [info] Getting sessions for repo...
2026-09-22 08:27:52.222 [info] Got 0 sessions for repo...
2026-09-22 08:27:52.222 [info] Getting sessions for all scopes...
2026-09-22 08:27:52.222 [info] Got 1 sessions for all scopes...
2026-09-22 08:27:52.222 [info] Getting sessions for all scopes...
2026-09-22 08:27:52.222 [info] Got 1 sessions for all scopes...
2026-09-22 08:27:52.223 [info] Getting sessions for all scopes...
2026-09-22 08:27:52.223 [info] Got 1 sessions for all scopes...
2026-09-22 08:27:52.223 [info] Getting sessions for all scopes...
2026-09-22 08:27:52.223 [info] Got 1 sessions for all scopes...
2026-09-22 08:27:52.223 [info] Getting sessions for all scopes...
2026-09-22 08:27:52.223 [info] Got 1 sessions for all scopes...
2026-09-22 08:27:52.223 [info] Getting sessions for all scopes...
2026-09-22 08:27:52.223 [info] Got 1 sessions for all scopes...
2026-09-22 08:27:52.224 [info] Getting sessions for all scopes...
2026-09-22 08:27:52.224 [info] Got 1 sessions for all scopes...
2026-09-22 08:27:52.224 [info] Getting sessions for all scopes...
2026-09-22 08:27:52.224 [info] Got 1 sessions for all scopes...
2026-09-22 08:27:52.224 [info] Getting sessions for all scopes...
2026-09-22 08:27:52.224 [info] Got 1 sessions for all scopes...
2026-09-22 08:27:52.224 [info] Getting sessions for all scopes...
2026-09-22 08:27:52.225 [info] Got 1 sessions for all scopes...
2026-09-22 08:27:52.225 [info] Getting sessions for all scopes...
2026-09-22 08:27:52.225 [info] Got 1 sessions for all scopes...
2026-09-22 08:27:52.225 [info] Getting sessions for all scopes...
2026-09-22 08:27:52.225 [info] Got 1 sessions for all scopes...
2026-09-22 08:27:52.225 [info] Getting sessions for all scopes...
2026-09-22 08:27:52.225 [info] Got 1 sessions for all scopes...
2026-09-22 08:27:52.293 [info] Getting sessions for all scopes...
2026-09-22 08:27:52.293 [info] Got 1 sessions for all scopes...
2026-09-22 08:27:52.295 [info] Getting sessions for read:user,repo,user:email,workflow...
2026-09-22 08:27:52.295 [info] Got 1 sessions for read:user,repo,user:email,workflow...
2026-09-22 08:27:52.483 [info] Getting sessions for all scopes...
2026-09-22 08:27:52.483 [info] Got 1 sessions for all scopes...
2026-09-22 08:27:52.483 [info] Getting sessions for all scopes...
2026-09-22 08:27:52.483 [info] Got 1 sessions for all scopes...
2026-09-22 08:27:52.510 [info] Getting sessions for read:user,repo,user:email,workflow...
2026-09-22 08:27:52.510 [info] Got 1 sessions for read:user,repo,user:email,workflow...
2026-09-22 08:27:52.661 [info] Getting sessions for all scopes...
2026-09-22 08:27:52.662 [info] Got 1 sessions for all scopes...
2026-09-22 08:27:52.680 [info] Getting sessions for all scopes...
2026-09-22 08:27:52.680 [info] Got 1 sessions for all scopes...
2026-09-22 08:27:52.681 [info] Getting sessions for all scopes...
2026-09-22 08:27:52.681 [info] Got 1 sessions for all scopes...
2026-09-22 08:27:52.688 [info] Getting sessions for read:user,repo,user:email,workflow...
2026-09-22 08:27:52.688 [info] Got 1 sessions for read:user,repo,user:email,workflow...
2026-09-22 08:27:53.012 [info] Getting sessions for all scopes...
2026-09-22 08:27:53.012 [info] Got 1 sessions for all scopes...
2026-09-22 08:27:53.014 [info] Getting sessions for read:user,repo,user:email,workflow...
2026-09-22 08:27:53.014 [info] Got 1 sessions for read:user,repo,user:email,workflow...
2026-09-22 08:27:53.166 [info] Getting sessions for all scopes...
2026-09-22 08:27:53.166 [info] Got 1 sessions for all scopes...
2026-09-22 08:27:53.167 [info] Getting sessions for read:user,repo,user:email,workflow...
2026-09-22 08:27:53.167 [info] Got 1 sessions for read:user,repo,user:email,workflow...
2026-09-22 08:27:53.426 [info] Getting sessions for all scopes...
2026-09-22 08:27:53.426 [info] Got 1 sessions for all scopes...
2026-09-22 08:27:53.431 [info] Getting sessions for read:user,repo,user:email,workflow...
2026-09-22 08:27:53.431 [info] Got 1 sessions for read:user,repo,user:email,workflow...
2026-09-22 08:27:53.546 [info] Getting sessions for read:user,user:email...
2026-09-22 08:27:53.547 [info] Got 0 sessions for read:user,user:email...
2026-09-22 08:27:53.550 [info] Getting sessions for all scopes...
2026-09-22 08:27:53.550 [info] Got 1 sessions for all scopes...
2026-09-22 08:27:53.552 [info] Getting sessions for repo...
2026-09-22 08:27:53.552 [info] Got 0 sessions for repo...
2026-09-22 08:27:53.553 [info] Getting sessions for all scopes...
2026-09-22 08:27:53.553 [info] Got 1 sessions for all scopes...
2026-09-22 08:27:53.807 [info] Getting sessions for all scopes...
2026-09-22 08:27:53.807 [info] Got 1 sessions for all scopes...
2026-09-22 08:27:53.808 [info] Getting sessions for all scopes...
2026-09-22 08:27:53.808 [info] Got 1 sessions for all scopes...
2026-09-22 08:28:01.462 [info] Reading sessions from keychain...
2026-09-22 08:28:01.462 [info] Getting sessions for all scopes...
2026-09-22 08:28:01.481 [info] Got stored sessions!
2026-09-22 08:28:01.481 [info] Got 1 verified sessions.
2026-09-22 08:28:01.482 [info] Got 1 sessions for all scopes...
2026-09-22 08:28:01.482 [info] Getting sessions for all scopes...
2026-09-22 08:28:01.482 [info] Got 1 sessions for all scopes...
2026-09-22 08:28:01.482 [info] Getting sessions for all scopes...
2026-09-22 08:28:01.482 [info] Got 1 sessions for all scopes...
2026-09-22 08:28:01.482 [info] Getting sessions for all scopes...
2026-09-22 08:28:01.483 [info] Got 1 sessions for all scopes...
2026-09-22 08:28:01.483 [info] Getting sessions for read:user,user:email...
2026-09-22 08:28:01.483 [info] Got 0 sessions for read:user,user:email...
2026-09-22 08:28:01.612 [info] Getting sessions for all scopes...
2026-09-22 08:28:01.613 [info] Got 1 sessions for all scopes...
2026-09-22 08:28:01.613 [info] Getting sessions for all scopes...
2026-09-22 08:28:01.613 [info] Got 1 sessions for all scopes...
2026-09-22 08:28:01.638 [info] Getting sessions for repo...
2026-09-22 08:28:01.638 [info] Got 0 sessions for repo...
2026-09-22 08:28:01.647 [info] Getting sessions for all scopes...
2026-09-22 08:28:01.647 [info] Got 1 sessions for all scopes...
2026-09-22 08:28:04.388 [info] Getting sessions for all scopes...
2026-09-22 08:28:04.388 [info] Got 1 sessions for all scopes...
2026-09-22 08:28:04.643 [info] Getting sessions for all scopes...
2026-09-22 08:28:04.643 [info] Got 1 sessions for all scopes...
2026-09-22 08:28:04.643 [info] Getting sessions for all scopes...
2026-09-22 08:28:04.643 [info] Got 1 sessions for all scopes...
2026-09-22 08:28:04.721 [info] Getting sessions for all scopes...
2026-09-22 08:28:04.721 [info] Got 1 sessions for all scopes...
2026-09-22 08:28:04.755 [info] Getting sessions for read:user,repo,user:email,workflow...
2026-09-22 08:28:04.755 [info] Got 1 sessions for read:user,repo,user:email,workflow...
2026-09-22 08:28:05.172 [info] Getting sessions for all scopes...
2026-09-22 08:28:05.172 [info] Got 1 sessions for all scopes...
2026-09-22 08:28:05.179 [info] Getting sessions for read:user,repo,user:email,workflow...
2026-09-22 08:28:05.179 [info] Got 1 sessions for read:user,repo,user:email,workflow...
2026-09-22 08:28:05.327 [info] Getting sessions for all scopes...
2026-09-22 08:28:05.327 [info] Got 1 sessions for all scopes...
2026-09-22 08:28:05.327 [info] Getting sessions for all scopes...
2026-09-22 08:28:05.327 [info] Got 1 sessions for all scopes...
2026-09-22 08:28:05.329 [info] Getting sessions for read:user,repo,user:email,workflow...
2026-09-22 08:28:05.329 [info] Got 1 sessions for read:user,repo,user:email,workflow...
2026-09-22 08:28:05.387 [info] Getting sessions for all scopes...
2026-09-22 08:28:05.387 [info] Got 1 sessions for all scopes...
2026-09-22 08:28:05.388 [info] Getting sessions for all scopes...
2026-09-22 08:28:05.388 [info] Got 1 sessions for all scopes...
2026-09-22 08:28:05.495 [info] Getting sessions for all scopes...
2026-09-22 08:28:05.495 [info] Got 1 sessions for all scopes...
2026-09-22 08:28:05.501 [info] Getting sessions for read:user,repo,user:email,workflow...
2026-09-22 08:28:05.501 [info] Got 1 sessions for read:user,repo,user:email,workflow...
2026-09-22 08:28:05.617 [info] Getting sessions for all scopes...
2026-09-22 08:28:05.617 [info] Got 1 sessions for all scopes...
2026-09-22 08:28:05.631 [info] Getting sessions for read:user,repo,user:email,workflow...
2026-09-22 08:28:05.631 [info] Got 1 sessions for read:user,repo,user:email,workflow...
2026-09-22 08:28:05.765 [info] Getting sessions for all scopes...
2026-09-22 08:28:05.765 [info] Got 1 sessions for all scopes...
2026-09-22 08:28:05.767 [info] Getting sessions for read:user,repo,user:email,workflow...
2026-09-22 08:28:05.767 [info] Got 1 sessions for read:user,repo,user:email,workflow...
2026-09-22 08:28:05.811 [info] Getting sessions for all scopes...
2026-09-22 08:28:05.811 [info] Got 1 sessions for all scopes...
2026-09-22 08:28:05.813 [info] Getting sessions for read:user,repo,user:email,workflow...
2026-09-22 08:28:05.813 [info] Got 1 sessions for read:user,repo,user:email,workflow...
2026-09-22 08:28:05.925 [info] Getting sessions for read:user,user:email...
2026-09-22 08:28:05.925 [info] Got 0 sessions for read:user,user:email...
2026-09-22 08:28:05.927 [info] Getting sessions for all scopes...
2026-09-22 08:28:05.927 [info] Got 1 sessions for all scopes...
2026-09-22 08:28:05.927 [info] Getting sessions for repo...
2026-09-22 08:28:05.927 [info] Got 0 sessions for repo...
2026-09-22 08:28:05.928 [info] Getting sessions for all scopes...
2026-09-22 08:28:05.928 [info] Got 1 sessions for all scopes...
2026-09-22 08:29:50.869 [info] Getting sessions for read:user,repo,user:email,workflow...
2026-09-22 08:29:50.869 [info] Got 1 sessions for read:user,repo,user:email,workflow...
2026-09-22 08:29:51.373 [info] Getting sessions for all scopes...
2026-09-22 08:29:51.373 [info] Got 1 sessions for all scopes...
2026-09-22 08:29:51.374 [info] Getting sessions for all scopes...
2026-09-22 08:29:51.374 [info] Got 1 sessions for all scopes...
2026-09-22 08:29:51.841 [info] Getting sessions for all scopes...
2026-09-22 08:29:51.841 [info] Got 1 sessions for all scopes...
2026-09-22 08:29:51.842 [info] Getting sessions for all scopes...
2026-09-22 08:29:51.842 [info] Got 1 sessions for all scopes...
2026-09-22 08:29:52.594 [info] Getting sessions for all scopes...
2026-09-22 08:29:52.594 [info] Got 1 sessions for all scopes...
2026-09-22 08:29:52.701 [info] Getting sessions for all scopes...
2026-09-22 08:29:52.701 [info] Got 1 sessions for all scopes...
2026-09-22 08:29:52.702 [info] Getting sessions for all scopes...
2026-09-22 08:29:52.702 [info] Got 1 sessions for all scopes...
2026-09-22 08:29:55.752 [info] Getting sessions for read:user,user:email...
2026-09-22 08:29:55.752 [info] Got 0 sessions for read:user,user:email...
2026-09-22 08:29:55.753 [info] Getting sessions for read:user,user:email...
2026-09-22 08:29:55.753 [info] Got 0 sessions for read:user,user:email...
2026-09-22 08:29:55.775 [info] Getting sessions for all scopes...
2026-09-22 08:29:55.775 [info] Got 1 sessions for all scopes...
2026-09-22 08:29:55.775 [info] Getting sessions for all scopes...
2026-09-22 08:29:55.775 [info] Got 1 sessions for all scopes...
2026-09-22 08:29:55.775 [info] Getting sessions for all scopes...
2026-09-22 08:29:55.776 [info] Got 1 sessions for all scopes...
2026-09-22 08:29:55.776 [info] Getting sessions for all scopes...
2026-09-22 08:29:55.776 [info] Got 1 sessions for all scopes...
2026-09-22 08:29:55.776 [info] Getting sessions for repo...
2026-09-22 08:29:55.776 [info] Got 0 sessions for repo...
2026-09-22 08:29:55.777 [info] Getting sessions for repo...
2026-09-22 08:29:55.777 [info] Got 0 sessions for repo...
2026-09-22 08:29:55.849 [info] Getting sessions for all scopes...
2026-09-22 08:29:55.849 [info] Got 1 sessions for all scopes...
2026-09-22 08:29:55.849 [info] Getting sessions for all scopes...
2026-09-22 08:29:55.849 [info] Got 1 sessions for all scopes...
2026-09-22 08:29:55.850 [info] Getting sessions for read:user,repo,user:email,workflow...
2026-09-22 08:29:55.851 [info] Got 1 sessions for read:user,repo,user:email,workflow...
2026-09-22 08:29:55.853 [info] Getting sessions for all scopes...
2026-09-22 08:29:55.853 [info] Got 1 sessions for all scopes...
2026-09-22 08:29:55.854 [info] Getting sessions for all scopes...
2026-09-22 08:29:55.854 [info] Got 1 sessions for all scopes...
2026-09-22 08:30:45.508 [info] Getting sessions for all scopes...
2026-09-22 08:30:45.508 [info] Got 1 sessions for all scopes...
2026-09-22 08:30:45.509 [info] Getting sessions for all scopes...
2026-09-22 08:30:45.509 [info] Got 1 sessions for all scopes...
2026-09-22 08:30:47.119 [info] Getting sessions for all scopes...
2026-09-22 08:30:47.120 [info] Got 1 sessions for all scopes...
2026-09-22 08:30:47.120 [info] Getting sessions for all scopes...
2026-09-22 08:30:47.120 [info] Got 1 sessions for all scopes...
2026-09-22 08:30:53.072 [info] Reading sessions from keychain...
2026-09-22 08:30:53.072 [info] Getting sessions for all scopes...
2026-09-22 08:30:53.072 [info] Got stored sessions!
2026-09-22 08:30:53.072 [info] Got 1 verified sessions.
2026-09-22 08:30:53.072 [info] Got 1 sessions for all scopes...
2026-09-22 08:30:53.072 [info] Getting sessions for all scopes...
2026-09-22 08:30:53.072 [info] Got 1 sessions for all scopes...
2026-09-22 08:30:53.072 [info] Getting sessions for all scopes...
2026-09-22 08:30:53.072 [info] Got 1 sessions for all scopes...
2026-09-22 08:30:53.072 [info] Getting sessions for all scopes...
2026-09-22 08:30:53.072 [info] Got 1 sessions for all scopes...
2026-09-22 08:30:53.583 [info] Getting sessions for read:user,user:email...
2026-09-22 08:30:53.583 [info] Got 0 sessions for read:user,user:email...
2026-09-22 08:30:53.623 [info] Getting sessions for all scopes...
2026-09-22 08:30:53.623 [info] Got 1 sessions for all scopes...
2026-09-22 08:30:53.690 [info] Getting sessions for repo...
2026-09-22 08:30:53.690 [info] Got 0 sessions for repo...
2026-09-22 08:30:53.692 [info] Getting sessions for all scopes...
2026-09-22 08:30:53.692 [info] Got 1 sessions for all scopes...
2026-09-22 08:30:55.680 [info] Getting sessions for all scopes...
2026-09-22 08:30:55.680 [info] Got 1 sessions for all scopes...
2026-09-22 08:31:08.015 [info] Getting sessions for all scopes...
2026-09-22 08:31:08.015 [info] Got 1 sessions for all scopes...
2026-09-22 08:31:08.015 [info] Getting sessions for all scopes...
2026-09-22 08:31:08.015 [info] Got 1 sessions for all scopes...
2026-09-22 08:31:08.092 [info] Getting sessions for all scopes...
2026-09-22 08:31:08.092 [info] Got 1 sessions for all scopes...
2026-09-22 08:31:08.162 [info] Getting sessions for read:user,repo,user:email,workflow...
2026-09-22 08:31:08.163 [info] Got 1 sessions for read:user,repo,user:email,workflow...
2026-09-22 08:31:08.576 [info] Getting sessions for read:user,repo,user:email,workflow...
2026-09-22 08:31:08.576 [info] Got 1 sessions for read:user,repo,user:email,workflow...
2026-09-22 08:31:08.576 [info] Getting sessions for all scopes...
2026-09-22 08:31:08.576 [info] Got 1 sessions for all scopes...
2026-09-22 08:31:08.576 [info] Getting sessions for all scopes...
2026-09-22 08:31:08.576 [info] Got 1 sessions for all scopes...
2026-09-22 08:31:08.862 [info] Getting sessions for read:user,repo,user:email,workflow...
2026-09-22 08:31:08.862 [info] Got 1 sessions for read:user,repo,user:email,workflow...
2026-09-22 08:31:09.005 [info] Getting sessions for all scopes...
2026-09-22 08:31:09.005 [info] Got 1 sessions for all scopes...
2026-09-22 08:31:09.005 [info] Getting sessions for all scopes...
2026-09-22 08:31:09.005 [info] Got 1 sessions for all scopes...
2026-09-22 08:31:09.053 [info] Getting sessions for all scopes...
2026-09-22 08:31:09.053 [info] Got 1 sessions for all scopes...
2026-09-22 08:31:09.086 [info] Getting sessions for read:user,repo,user:email,workflow...
2026-09-22 08:31:09.086 [info] Got 1 sessions for read:user,repo,user:email,workflow...
2026-09-22 08:31:09.131 [info] Getting sessions for all scopes...
2026-09-22 08:31:09.132 [info] Got 1 sessions for all scopes...
2026-09-22 08:31:09.136 [info] Getting sessions for all scopes...
2026-09-22 08:31:09.136 [info] Got 1 sessions for all scopes...
2026-09-22 08:31:09.203 [info] Getting sessions for all scopes...
2026-09-22 08:31:09.203 [info] Got 1 sessions for all scopes...
2026-09-22 08:31:09.204 [info] Getting sessions for read:user,repo,user:email,workflow...
2026-09-22 08:31:09.204 [info] Got 1 sessions for read:user,repo,user:email,workflow...
2026-09-22 08:31:09.533 [info] Getting sessions for all scopes...
2026-09-22 08:31:09.533 [info] Got 1 sessions for all scopes...
2026-09-22 08:31:09.542 [info] Getting sessions for all scopes...
2026-09-22 08:31:09.542 [info] Got 1 sessions for all scopes...
2026-09-22 08:31:09.553 [info] Getting sessions for read:user,repo,user:email,workflow...
2026-09-22 08:31:09.553 [info] Got 1 sessions for read:user,repo,user:email,workflow...
2026-09-22 08:31:09.586 [info] Getting sessions for all scopes...
2026-09-22 08:31:09.586 [info] Got 1 sessions for all scopes...
2026-09-22 08:31:09.593 [info] Getting sessions for read:user,repo,user:email,workflow...
2026-09-22 08:31:09.593 [info] Got 1 sessions for read:user,repo,user:email,workflow...
2026-09-22 08:31:09.738 [info] Getting sessions for read:user,user:email...
2026-09-22 08:31:09.738 [info] Got 0 sessions for read:user,user:email...
2026-09-22 08:31:09.742 [info] Getting sessions for all scopes...
2026-09-22 08:31:09.742 [info] Got 1 sessions for all scopes...
2026-09-22 08:31:09.743 [info] Getting sessions for repo...
2026-09-22 08:31:09.743 [info] Got 0 sessions for repo...
2026-09-22 08:31:09.745 [info] Getting sessions for all scopes...
2026-09-22 08:31:09.745 [info] Got 1 sessions for all scopes...
2026-09-22 08:31:10.205 [info] Getting sessions for all scopes...
2026-09-22 08:31:10.205 [info] Got 1 sessions for all scopes...
2026-09-22 08:31:10.207 [info] Getting sessions for read:user,repo,user:email,workflow...
2026-09-22 08:31:10.207 [info] Got 1 sessions for read:user,repo,user:email,workflow...
2026-09-22 08:31:10.290 [info] Getting sessions for all scopes...
2026-09-22 08:31:10.290 [info] Got 1 sessions for all scopes...
2026-09-22 08:31:10.292 [info] Getting sessions for read:user,repo,user:email,workflow...
2026-09-22 08:31:10.292 [info] Got 1 sessions for read:user,repo,user:email,workflow...
2026-09-22 08:34:59.889 [info] Getting sessions for all scopes...
2026-09-22 08:34:59.889 [info] Got 1 sessions for all scopes...
2026-09-22 08:34:59.890 [info] Getting sessions for all scopes...
2026-09-22 08:34:59.891 [info] Got 1 sessions for all scopes...
2026-09-22 08:55:11.942 [info] Getting sessions for all scopes...
2026-09-22 08:55:11.947 [info] Got 1 sessions for all scopes...
2026-09-22 08:55:11.948 [info] Getting sessions for all scopes...
2026-09-22 08:55:11.948 [info] Got 1 sessions for all scopes...
2026-09-22 08:55:14.905 [info] Getting sessions for all scopes...
2026-09-22 08:55:14.905 [info] Got 1 sessions for all scopes...
2026-09-22 08:55:14.905 [info] Getting sessions for all scopes...
2026-09-22 08:55:14.905 [info] Got 1 sessions for all scopes...
2026-09-22 08:55:19.851 [info] Getting sessions for all scopes...
2026-09-22 08:55:19.851 [info] Got 1 sessions for all scopes...
2026-09-22 08:55:19.851 [info] Getting sessions for all scopes...
2026-09-22 08:55:19.852 [info] Got 1 sessions for all scopes...
2026-09-22 08:55:23.799 [info] Getting sessions for all scopes...
2026-09-22 08:55:23.799 [info] Got 1 sessions for all scopes...
2026-09-22 08:55:23.800 [info] Getting sessions for all scopes...
2026-09-22 08:55:23.800 [info] Got 1 sessions for all scopes...
2026-09-22 08:55:37.377 [info] Getting sessions for all scopes...
2026-09-22 08:55:37.377 [info] Got 1 sessions for all scopes...
2026-09-22 08:55:37.378 [info] Getting sessions for all scopes...
2026-09-22 08:55:37.378 [info] Got 1 sessions for all scopes...
2026-09-22 08:56:37.583 [info] Getting sessions for all scopes...
2026-09-22 08:56:37.583 [info] Got 1 sessions for all scopes...
2026-09-22 08:56:37.584 [info] Getting sessions for all scopes...
2026-09-22 08:56:37.584 [info] Got 1 sessions for all scopes...
2026-09-22 09:00:09.384 [info] Getting sessions for all scopes...
2026-09-22 09:00:09.384 [info] Got 1 sessions for all scopes...
2026-09-22 09:00:09.385 [info] Getting sessions for all scopes...
2026-09-22 09:00:09.385 [info] Got 1 sessions for all scopes...
2026-09-22 09:00:10.100 [info] Getting sessions for all scopes...
2026-09-22 09:00:10.100 [info] Got 1 sessions for all scopes...
2026-09-22 09:00:10.101 [info] Getting sessions for read:user,repo,user:email,workflow...
2026-09-22 09:00:10.101 [info] Got 1 sessions for read:user,repo,user:email,workflow...
2026-09-22 09:00:10.700 [info] Getting sessions for all scopes...
2026-09-22 09:00:10.701 [info] Got 1 sessions for all scopes...
2026-09-22 09:00:10.701 [info] Getting sessions for read:user,repo,user:email,workflow...
2026-09-22 09:00:10.701 [info] Got 1 sessions for read:user,repo,user:email,workflow...
2026-09-22 09:00:58.391 [info] Getting sessions for all scopes...
2026-09-22 09:00:58.391 [info] Got 1 sessions for all scopes...
2026-09-22 09:00:58.392 [info] Getting sessions for all scopes...
2026-09-22 09:00:58.392 [info] Got 1 sessions for all scopes...
2026-09-23 10:47:06.053 [info] Getting sessions for all scopes...
2026-09-23 10:47:06.053 [info] Got 1 sessions for all scopes...
2026-09-23 10:47:06.055 [info] Getting sessions for all scopes...
2026-09-23 10:47:06.055 [info] Got 1 sessions for all scopes...
2026-09-23 10:47:08.326 [info] Getting sessions for read:user,user:email...
2026-09-23 10:47:08.326 [info] Got 0 sessions for read:user,user:email...
2026-09-23 10:47:08.329 [info] Getting sessions for all scopes...
2026-09-23 10:47:08.329 [info] Got 1 sessions for all scopes...
2026-09-23 10:47:08.330 [info] Getting sessions for repo...
2026-09-23 10:47:08.330 [info] Got 0 sessions for repo...
2026-09-23 10:47:08.331 [info] Getting sessions for all scopes...
2026-09-23 10:47:08.331 [info] Got 1 sessions for all scopes...
2026-09-23 10:47:09.997 [info] Getting sessions for all scopes...
2026-09-23 10:47:09.997 [info] Got 1 sessions for all scopes...
2026-09-23 10:47:09.998 [info] Getting sessions for all scopes...
2026-09-23 10:47:09.998 [info] Got 1 sessions for all scopes...
2026-09-23 10:47:11.738 [info] Getting sessions for all scopes...
2026-09-23 10:47:11.738 [info] Got 1 sessions for all scopes...
2026-09-23 10:47:11.741 [info] Getting sessions for read:user,repo,user:email,workflow...
2026-09-23 10:47:11.741 [info] Got 1 sessions for read:user,repo,user:email,workflow...
