2026-07-14 15:48:04.657 [info] Reading sessions from keychain...
2026-07-14 15:48:04.657 [info] Getting sessions for all scopes...
2026-07-14 15:48:04.680 [info] Got stored sessions!
2026-07-14 15:48:04.680 [info] Got 1 verified sessions.
2026-07-14 15:48:04.680 [info] Got 1 sessions for ...
2026-07-14 15:48:04.680 [info] Getting sessions for all scopes...
2026-07-14 15:48:04.680 [info] Got 1 sessions for ...
2026-07-14 15:48:04.735 [info] Getting sessions for all scopes...
2026-07-14 15:48:04.735 [info] Got 1 sessions for ...
2026-07-14 15:48:04.746 [info] Getting sessions for all scopes...
2026-07-14 15:48:04.746 [info] Got 1 sessions for ...
2026-07-14 15:48:05.941 [info] Getting sessions for all scopes...
2026-07-14 15:48:05.941 [info] Got 1 sessions for ...
2026-07-14 15:48:05.941 [info] Getting sessions for all scopes...
2026-07-14 15:48:05.941 [info] Got 1 sessions for ...
2026-07-14 15:48:05.967 [info] Getting sessions for all scopes...
2026-07-14 15:48:05.967 [info] Got 1 sessions for ...
2026-07-14 15:48:05.990 [info] Getting sessions for read:user,repo,user:email,workflow...
2026-07-14 15:48:05.990 [info] Got 1 sessions for read:user,repo,user:email,workflow...
2026-07-14 15:48:06.651 [info] Getting sessions for all scopes...
2026-07-14 15:48:06.651 [info] Got 1 sessions for ...
2026-07-14 15:48:06.675 [info] Getting sessions for all scopes...
2026-07-14 15:48:06.675 [info] Got 1 sessions for ...
2026-07-14 15:48:06.675 [info] Getting sessions for all scopes...
2026-07-14 15:48:06.675 [info] Got 1 sessions for ...
2026-07-14 15:48:06.692 [info] Getting sessions for read:user,repo,user:email,workflow...
2026-07-14 15:48:06.692 [info] Got 1 sessions for read:user,repo,user:email,workflow...
2026-07-14 15:48:06.771 [info] Getting sessions for all scopes...
2026-07-14 15:48:06.771 [info] Got 1 sessions for ...
2026-07-14 15:48:06.772 [info] Getting sessions for all scopes...
2026-07-14 15:48:06.772 [info] Got 1 sessions for ...
2026-07-14 15:48:07.001 [info] Getting sessions for all scopes...
2026-07-14 15:48:07.001 [info] Got 1 sessions for ...
2026-07-14 15:48:07.003 [info] Getting sessions for read:user,repo,user:email,workflow...
2026-07-14 15:48:07.004 [info] Got 1 sessions for read:user,repo,user:email,workflow...
2026-07-14 15:48:07.025 [info] Getting sessions for all scopes...
2026-07-14 15:48:07.025 [info] Got 1 sessions for ...
2026-07-14 15:48:07.028 [info] Getting sessions for read:user,repo,user:email,workflow...
2026-07-14 15:48:07.028 [info] Got 1 sessions for read:user,repo,user:email,workflow...
2026-07-14 15:48:07.136 [info] Getting sessions for all scopes...
2026-07-14 15:48:07.136 [info] Got 1 sessions for ...
2026-07-14 15:48:07.137 [info] Getting sessions for read:user,repo,user:email,workflow...
2026-07-14 15:48:07.137 [info] Got 1 sessions for read:user,repo,user:email,workflow...
2026-07-14 15:48:07.443 [info] Getting sessions for all scopes...
2026-07-14 15:48:07.443 [info] Got 1 sessions for ...
2026-07-14 15:48:07.444 [info] Getting sessions for read:user,repo,user:email,workflow...
2026-07-14 15:48:07.444 [info] Got 1 sessions for read:user,repo,user:email,workflow...
