2026-07-29 15:12:24.352 [info] Reading sessions from keychain...
2026-07-29 15:12:24.352 [info] Getting sessions for all scopes...
2026-07-29 15:12:24.399 [info] Got stored sessions!
2026-07-29 15:12:24.399 [info] Got 1 verified sessions.
2026-07-29 15:12:24.399 [info] Got 1 sessions for ...
2026-07-29 15:12:24.400 [info] Getting sessions for all scopes...
2026-07-29 15:12:24.400 [info] Got 1 sessions for ...
2026-07-29 15:12:24.400 [info] Getting sessions for all scopes...
2026-07-29 15:12:24.400 [info] Got 1 sessions for ...
2026-07-29 15:12:24.589 [info] Getting sessions for all scopes...
2026-07-29 15:12:24.589 [info] Got 1 sessions for ...
2026-07-29 15:12:28.164 [info] Getting sessions for all scopes...
2026-07-29 15:12:28.164 [info] Got 1 sessions for ...
2026-07-29 15:12:28.275 [info] Getting sessions for all scopes...
2026-07-29 15:12:28.275 [info] Got 1 sessions for ...
2026-07-29 15:12:28.716 [info] Getting sessions for all scopes...
2026-07-29 15:12:28.716 [info] Got 1 sessions for ...
2026-07-29 15:12:28.716 [info] Getting sessions for all scopes...
2026-07-29 15:12:28.716 [info] Got 1 sessions for ...
2026-07-29 15:12:28.795 [info] Getting sessions for all scopes...
2026-07-29 15:12:28.795 [info] Got 1 sessions for ...
2026-07-29 15:12:28.847 [info] Getting sessions for read:user,repo,user:email,workflow...
2026-07-29 15:12:28.848 [info] Got 1 sessions for read:user,repo,user:email,workflow...
2026-07-29 15:12:29.658 [info] Getting sessions for all scopes...
2026-07-29 15:12:29.658 [info] Got 1 sessions for ...
2026-07-29 15:12:29.659 [info] Getting sessions for all scopes...
2026-07-29 15:12:29.659 [info] Got 1 sessions for ...
2026-07-29 15:12:29.681 [info] Getting sessions for all scopes...
2026-07-29 15:12:29.681 [info] Got 1 sessions for ...
2026-07-29 15:12:29.687 [info] Getting sessions for read:user,repo,user:email,workflow...
2026-07-29 15:12:29.687 [info] Got 1 sessions for read:user,repo,user:email,workflow...
2026-07-29 15:12:29.688 [info] Getting sessions for all scopes...
2026-07-29 15:12:29.688 [info] Got 1 sessions for ...
2026-07-29 15:12:29.909 [info] Getting sessions for all scopes...
2026-07-29 15:12:29.909 [info] Got 1 sessions for ...
2026-07-29 15:12:29.912 [info] Getting sessions for read:user,repo,user:email,workflow...
2026-07-29 15:12:29.912 [info] Got 1 sessions for read:user,repo,user:email,workflow...
2026-07-29 15:12:30.030 [info] Getting sessions for all scopes...
2026-07-29 15:12:30.030 [info] Got 1 sessions for ...
2026-07-29 15:12:30.033 [info] Getting sessions for read:user,repo,user:email,workflow...
2026-07-29 15:12:30.033 [info] Got 1 sessions for read:user,repo,user:email,workflow...
2026-07-29 15:12:30.067 [info] Getting sessions for all scopes...
2026-07-29 15:12:30.067 [info] Got 1 sessions for ...
2026-07-29 15:12:30.070 [info] Getting sessions for read:user,repo,user:email,workflow...
2026-07-29 15:12:30.070 [info] Got 1 sessions for read:user,repo,user:email,workflow...
2026-07-29 15:12:30.192 [info] Getting sessions for all scopes...
2026-07-29 15:12:30.192 [info] Got 1 sessions for ...
2026-07-29 15:12:30.194 [info] Getting sessions for read:user,repo,user:email,workflow...
2026-07-29 15:12:30.194 [info] Got 1 sessions for read:user,repo,user:email,workflow...
2026-07-29 15:12:30.258 [info] Getting sessions for all scopes...
2026-07-29 15:12:30.258 [info] Got 1 sessions for ...
2026-07-29 15:12:30.261 [info] Getting sessions for read:user,repo,user:email,workflow...
2026-07-29 15:12:30.261 [info] Got 1 sessions for read:user,repo,user:email,workflow...
2026-07-29 15:12:35.978 [info] Getting sessions for all scopes...
2026-07-29 15:12:35.978 [info] Got 1 sessions for ...
2026-07-29 15:12:36.116 [info] Getting sessions for all scopes...
2026-07-29 15:12:36.116 [info] Got 1 sessions for ...
2026-07-29 15:12:39.776 [info] Getting sessions for all scopes...
2026-07-29 15:12:39.776 [info] Got 1 sessions for ...
2026-07-29 15:12:39.777 [info] Getting sessions for all scopes...
2026-07-29 15:12:39.777 [info] Got 1 sessions for ...
2026-07-29 15:12:45.524 [info] Reading sessions from keychain...
2026-07-29 15:12:45.524 [info] Getting sessions for all scopes...
2026-07-29 15:12:45.524 [info] Got stored sessions!
2026-07-29 15:12:45.525 [info] Got 1 verified sessions.
2026-07-29 15:12:45.525 [info] Got 1 sessions for ...
2026-07-29 15:12:45.525 [info] Getting sessions for all scopes...
2026-07-29 15:12:45.525 [info] Got 1 sessions for ...
2026-07-29 15:12:45.525 [info] Getting sessions for all scopes...
2026-07-29 15:12:45.525 [info] Got 1 sessions for ...
2026-07-29 15:12:45.525 [info] Getting sessions for all scopes...
2026-07-29 15:12:45.525 [info] Got 1 sessions for ...
2026-07-29 15:12:46.792 [info] Getting sessions for all scopes...
2026-07-29 15:12:46.792 [info] Got 1 sessions for ...
2026-07-29 15:12:57.229 [info] Getting sessions for all scopes...
2026-07-29 15:12:57.229 [info] Got 1 sessions for ...
2026-07-29 15:12:57.230 [info] Getting sessions for all scopes...
2026-07-29 15:12:57.230 [info] Got 1 sessions for ...
2026-07-29 15:12:57.311 [info] Getting sessions for all scopes...
2026-07-29 15:12:57.311 [info] Got 1 sessions for ...
2026-07-29 15:12:57.370 [info] Getting sessions for read:user,repo,user:email,workflow...
2026-07-29 15:12:57.370 [info] Got 1 sessions for read:user,repo,user:email,workflow...
2026-07-29 15:12:58.192 [info] Getting sessions for all scopes...
2026-07-29 15:12:58.192 [info] Got 1 sessions for ...
2026-07-29 15:12:58.439 [info] Getting sessions for all scopes...
2026-07-29 15:12:58.439 [info] Got 1 sessions for ...
2026-07-29 15:12:58.463 [info] Getting sessions for all scopes...
2026-07-29 15:12:58.464 [info] Got 1 sessions for ...
2026-07-29 15:12:58.517 [info] Getting sessions for all scopes...
2026-07-29 15:12:58.517 [info] Got 1 sessions for ...
2026-07-29 15:12:58.739 [info] Getting sessions for read:user,repo,user:email,workflow...
2026-07-29 15:12:58.739 [info] Got 1 sessions for read:user,repo,user:email,workflow...
2026-07-29 15:12:59.278 [info] Getting sessions for all scopes...
2026-07-29 15:12:59.278 [info] Got 1 sessions for ...
2026-07-29 15:12:59.345 [info] Getting sessions for read:user,repo,user:email,workflow...
2026-07-29 15:12:59.345 [info] Got 1 sessions for read:user,repo,user:email,workflow...
2026-07-29 15:13:44.583 [info] Getting sessions for all scopes...
2026-07-29 15:13:44.583 [info] Got 1 sessions for ...
2026-07-29 15:13:44.584 [info] Getting sessions for all scopes...
2026-07-29 15:13:44.584 [info] Got 1 sessions for ...
2026-07-29 15:13:45.893 [info] Getting sessions for all scopes...
2026-07-29 15:13:45.893 [info] Got 1 sessions for ...
2026-07-29 15:13:45.895 [info] Getting sessions for all scopes...
2026-07-29 15:13:45.895 [info] Got 1 sessions for ...
2026-07-29 15:14:24.729 [info] Getting sessions for all scopes...
2026-07-29 15:14:24.729 [info] Got 1 sessions for ...
2026-07-29 15:14:24.730 [info] Getting sessions for all scopes...
2026-07-29 15:14:24.730 [info] Got 1 sessions for ...
2026-07-29 15:19:36.467 [info] Getting sessions for all scopes...
2026-07-29 15:19:36.467 [info] Got 1 sessions for ...
2026-07-29 15:19:36.468 [info] Getting sessions for all scopes...
2026-07-29 15:19:36.468 [info] Got 1 sessions for ...
