2026-09-26T14:43:38.980Z - info: [ui] [AppStore] loading 0 repositories from store
2026-09-26T14:43:39.000Z - info: [ui] [Welcome] no sign in step found. ignoring...
2026-09-26T14:43:39.018Z - info: [ui] [Welcome] no sign in step found. ignoring...
2026-09-26T14:43:39.030Z - info: [ui] launching: 3.4.14-linux1 (Linux 7.2.4-1-cachyos)
2026-09-26T14:43:39.031Z - info: [ui] execPath: '/opt/github-desktop/github-desktop'
2026-09-26T14:43:39.040Z - info: [ui] [Welcome] no sign in step found. ignoring...
2026-09-26T14:43:39.081Z - info: [ui] [Welcome] no sign in step found. ignoring...
2026-09-26T14:43:40.319Z - info: [ui] Opt in reported.
2026-09-26T14:43:45.153Z - info: [ui] [Welcome] advancing to step: SignInToDotComWithBrowser
2026-09-26T14:43:45.154Z - info: [ui] [SignInStore] initializing OAuth flow
2026-09-26T14:43:45.156Z - info: [main] opening in browser: https://github.com/login/oauth/authorize?client_id=3a723b10ac5575cc5bb9&scope=repo%20user%20workflow&state=609f02a4-c697-4437-93dc-631bb8c76068
2026-09-26T14:43:45.156Z - info: [ui] [Welcome] current sign in state not found. ignoring...
2026-09-26T14:43:46.702Z - info: [ui] [Welcome] kind Authentication is the same as Authentication. ignoring...
2026-09-26T14:44:04.009Z - info: [main] Processing protocol url
2026-09-26T14:44:04.074Z - info: [main] Processing protocol url
2026-09-26T14:44:04.891Z - info: [ui] [Welcome] kind Authentication is the same as Authentication. ignoring...
2026-09-26T14:44:05.511Z - info: [ui] [SignInStore] account resolved
2026-09-26T14:44:05.511Z - info: [ui] [AppStore] adding account pintoduoc (benja pinto) to store
2026-09-26T14:44:05.514Z - error: [ui] Error adding account 'pintoduoc'
Error: The name is not activatable
2026-09-26T14:44:05.553Z - info: [ui] [Welcome] advancing to step: ConfigureGit
2026-09-26T14:44:05.582Z - info: [ui] [Welcome] no sign in step found. ignoring...
2026-09-26T14:47:04.467Z - info: [ui] [AppStore] adding repository at /home/pinto/.config to store
2026-09-26T14:47:16.652Z - info: [ui] Executing updateIndex: git update-index --add --remove --replace -z --stdin (took 11.848s)
2026-09-26T14:47:18.594Z - info: [ui] Executing createCommit: git commit -F - (took 1.937s)
2026-09-26T14:47:20.472Z - info: [ui] Executing getChangesFiles: git log ad303c3174afe02eff7680d2855027e1b8efc9be -C -M -m -1 --no-show-signature --first-parent --raw --format=format: --numstat -z -- (took 1.783s)
2026-09-26T14:48:15.852Z - info: [ui] [AppStore] adding repository at /home/pinto/.config to store
2026-09-26T14:48:17.799Z - info: [ui] Executing getChangesFiles: git log ad303c3174afe02eff7680d2855027e1b8efc9be -C -M -m -1 --no-show-signature --first-parent --raw --format=format: --numstat -z -- (took 1.766s)
2026-09-26T14:53:10.385Z - info: [ui] [AppStore] adding repository at /home/pinto/.config to store
2026-09-26T14:53:12.397Z - info: [ui] Executing getChangesFiles: git log ad303c3174afe02eff7680d2855027e1b8efc9be -C -M -m -1 --no-show-signature --first-parent --raw --format=format: --numstat -z -- (took 1.778s)
2026-09-26T14:53:41.257Z - error: [ui] Could not load new contents for syntax highlighting
Error: EISDIR: illegal operation on a directory, read
2026-09-26T14:53:43.088Z - error: [ui] Could not load new contents for syntax highlighting
Error: EISDIR: illegal operation on a directory, read
2026-09-26T14:53:47.333Z - error: [ui] Could not load new contents for syntax highlighting
Error: EISDIR: illegal operation on a directory, read
2026-09-26T14:54:41.281Z - info: [main] opening in browser: https://git-scm.com/docs/gitignore
2026-09-26T15:07:31.463Z - info: [ui] [RepositoryIndicatorUpdater]: Refreshing sidebar indicators for 1 repositories took 1.8s of which 23.5s paused, total 25.3s
2026-09-26T15:13:11.948Z - info: [ui] Executing getChangesFiles: git log ad303c3174afe02eff7680d2855027e1b8efc9be -C -M -m -1 --no-show-signature --first-parent --raw --format=format: --numstat -z -- (took 1.746s)
