2026-07-29 15:39:20.317 [info] Reading sessions from keychain...
2026-07-29 15:39:20.317 [info] Getting sessions for all scopes...
2026-07-29 15:39:20.317 [info] Got stored sessions!
2026-07-29 15:39:20.317 [info] Got 1 verified sessions.
2026-07-29 15:39:20.317 [info] Got 1 sessions for ...
2026-07-29 15:39:20.317 [info] Getting sessions for all scopes...
2026-07-29 15:39:20.317 [info] Got 1 sessions for ...
2026-07-29 15:39:20.317 [info] Getting sessions for all scopes...
2026-07-29 15:39:20.317 [info] Got 1 sessions for ...
2026-07-29 15:39:20.317 [info] Getting sessions for all scopes...
2026-07-29 15:39:20.317 [info] Got 1 sessions for ...
2026-07-29 15:39:20.317 [info] Getting sessions for all scopes...
2026-07-29 15:39:20.317 [info] Got 1 sessions for ...
2026-07-29 15:39:20.317 [info] Getting sessions for all scopes...
2026-07-29 15:39:20.317 [info] Got 1 sessions for ...
2026-07-29 15:39:20.317 [info] Getting sessions for all scopes...
2026-07-29 15:39:20.317 [info] Got 1 sessions for ...
2026-07-29 15:39:20.317 [info] Getting sessions for all scopes...
2026-07-29 15:39:20.317 [info] Got 1 sessions for ...
2026-07-29 15:39:20.332 [info] Getting sessions for read:user,repo,user:email,workflow...
2026-07-29 15:39:20.332 [info] Got 1 sessions for read:user,repo,user:email,workflow...
2026-07-29 15:39:21.448 [info] Getting sessions for all scopes...
2026-07-29 15:39:21.448 [info] Got 1 sessions for ...
2026-07-29 15:39:22.243 [info] Getting sessions for all scopes...
2026-07-29 15:39:22.243 [info] Got 1 sessions for ...
2026-07-29 15:39:22.244 [info] Getting sessions for all scopes...
2026-07-29 15:39:22.244 [info] Got 1 sessions for ...
2026-07-29 15:39:22.268 [info] Getting sessions for all scopes...
2026-07-29 15:39:22.268 [info] Got 1 sessions for ...
2026-07-29 15:39:22.276 [info] Getting sessions for all scopes...
2026-07-29 15:39:22.276 [info] Got 1 sessions for ...
2026-07-29 15:39:22.294 [info] Getting sessions for read:user,repo,user:email,workflow...
2026-07-29 15:39:22.294 [info] Got 1 sessions for read:user,repo,user:email,workflow...
2026-07-29 15:39:22.621 [info] Getting sessions for all scopes...
2026-07-29 15:39:22.621 [info] Got 1 sessions for ...
2026-07-29 15:39:22.642 [info] Getting sessions for read:user,repo,user:email,workflow...
2026-07-29 15:39:22.642 [info] Got 1 sessions for read:user,repo,user:email,workflow...
