[18767][1784058690035][main][info]["Booting Postman 12.19.0, linux-7.1.3-2-cachyos on x64"]
[18767][1784058690037][main][info]["EventBus~initialize - Success"]
[18767][1784058690037][main][info]["AppBadgeService: model-events lifecycle subscription installed"]
[18767][1784058690038][main][info]["Proxy configuration has not been setup"]
[18767][1784058690038][main][info]["CloudProxyManager~init - Success"]
[18767][1784058690039][main][info]["performShellDataMigration: Starting shell data migration"]
[18767][1784058690039][main][info]["migrateShellData:Starting"]
[18767][1784058690040][main][info]["migrateShellData: Old storage cleaned up"]
[18767][1784058690157][main][info]["migrateShellData: Got data from shell. Writing to storage"]
[18767][1784058690160][main][info]["performShellDataMigration: Migration successful on try count 1"]
[18767][1784058690166][main][info]["UpdateHandler~init - Success"]
[18767][1784058690167][main][info]["LeaderSelection: Initialized successfully"]
[18767][1784058690224][main][info]["main~onAppReady - Mock server IPC setup successful"]
[18767][1784058690231][main][info]["GPU detected VID 32902 DID 39497 ACTIVE true"]
[18767][1784058690273][main][info]["main.js: Agent started"]
[18767][1784058690273][main][info]["main.js: Payment view IPC handlers initialized"]
[18767][1784058690273][main][info]["main.js: Browser tab view IPC handlers initialized"]
[18767][1784058690275][main][info]["main.js: Browser tab Playwright IPC handlers initialized"]
[18767][1784058690275][main][info]["shellController~init: Success"]
[18767][1784058690275][main][info]["shellMeta~init: Success"]
[18767][1784058690275][main][info]["partitionMigrationService: State of V7 partition:"]
[18767][1784058690275][main][info]["partitionMigrationService: V7 partitions",[]]
[18767][1784058690275][main][info]["partitionMigrationService~rectifyNamespaceOfScratchPadPartition: There is no partition with scratchpad namespace"]
[18767][1784058690275][main][info]["partitionMigrationService~rectifyNamespaceOfScratchPadPartition: There is no transit partition which could have been used for scratchpad"]
[18767][1784058690276][main][info]["partitionMigrationService~init: Success"]
[18767][1784058690276][main][info]["partitionMigrationService~runV8PartitionsIntegrity: Two way migration~ removing the following partitions from v8",[]]
[18767][1784058690276][main][info]["userPartitionService~_rectifyTheActivePartitionOfApplication: Setting the active partition to ",null]
[18767][1784058690278][main][info]["Main~window-all-closed: fired",{"platform":"linux","isFirstRequesterBooted":false,"isRelaunchingRequesterWindows":false,"shouldQuit":false}]
[18767][1784058690278][main][info]["Main~window-all-closed: skipping quit (relaunch in progress)"]
[18767][1784058690282][main][info]["LinuxAutoUpdater~Cleanup - Initial cleanup successful"]
[18767][1784058690284][main][info]["newAccountRegionPreferenceService~getPreferenceWithFallback - Preference not found in storage."]
[18767][1784058690284][main][info]["newAccountRegionPreferenceService~getToggleMenuTemplate - Using preference:","useUSRegion"]
[18767][1784058690288][main][info]["userPartitionService~init: Success"]
[18767][1784058690305][main][info]["WindowManager~newRequesterWindow: called",{"source":"openFirstRequesterWindow","isFirstRequester":true,"hasAuthResponse":false,"hasWindowId":false,"isFirstRequesterBooted":false,"isRelaunchingRequesterWindows":false,"openWindowCount":0}]
[18767][1784058690306][main][info]["userPartitionService: State of v8 partition system:"]
[18767][1784058690306][main][info]["shell~init~getPartitionToLoad: loading scratchpad partition"]
[18767][1784058690306][main][info]["userPartitionService: List of partitions:",[]]
[18767][1784058690306][main][info]["userPartitionService: users global meta:",{}]
[18767][1784058690311][main][info]["Main:windowManager~newRequesterWindow: Fetch and update runtime config: undefined"]
[18767][1784058692027][main][info]["RuntimeIPCAgent~started: Success"]
[18767][1784058692038][main][info]["Main~scratchpadThemeAction:: action: set, value: light"]
[18767][1784058692040][main][info]["Main~scratchpadThemeAction:: action: set, value: light"]
[18767][1784058692048][main][info]["Main~scratchpadThemeAction:: action: set, value: light"]
[18767][1784058692053][main][info]["UpdateHandler~app-update-events - Received event",{"name":"checkForElectronVersionUpdated","namespace":"appUpdate"}]
[18767][1784058692057][main][info]["windowManager: First requester booted successfully."]
[18767][1784058692057][main][info]["windowManager~restoreWindows: Restoring requester windows"]
[18767][1784058692057][main][info]["WebVersionService: Initialized successfully with version: undefined"]
[18767][1784058692057][main][info]["Main~AppEvents - Received booted event for process requester.Version undefined UI Version: undefined Desktop Platform Version: 12.19.0"]
[18767][1784058695254][main][info]["Main - model-events~user - (users, add) received"]
[18767][1784058695300][main][info]["Main~window-all-closed: fired",{"platform":"linux","isFirstRequesterBooted":false,"isRelaunchingRequesterWindows":false,"shouldQuit":false}]
[18767][1784058695300][main][info]["Main~window-all-closed: skipping quit (relaunch in progress)"]
[18767][1784058695321][main][info]["WebVersionService: Resetting UI version as user logged out/switched account"]
[18767][1784058695321][main][info]["WebVersionService: Resetting web app version"]
[18767][1784058695472][main][info]["AuthHandler~open: Received dom-ready event."]
[18767][1784058695473][main][info]["AuthHandler~open: Received did-finish-load event."]
[18767][1784058695523][main][warn]["AuthHandler~open: Current app is not default protocol client - Falling back to polling mechanism."]
[18767][1784058695524][main][info]["newAccountRegionPreferenceService~getPreferenceWithFallback - Preference not found in storage."]
[18767][1784058695524][main][info]["newAccountRegionPreferenceService~getRegionPreference - Using preference:","useUSRegion"]
[18767][1784058695524][main][info]["AuthHandler~open: new Account region preference:","us"]
[18767][1784058695524][main][info]["AuthHandler~open: get multiLoginToken token."]
[18767][1784058695524][main][info]["AuthHandler~open: Publishing initialize event to auth-window channel."]
[18767][1784058726267][main][info]["Main~window-all-closed: fired",{"platform":"linux","isFirstRequesterBooted":false,"isRelaunchingRequesterWindows":false,"shouldQuit":false}]
[18767][1784058726268][main][info]["Main~window-all-closed: skipping quit (relaunch in progress)"]
[18767][1784058726273][main][info]["WindowManager~newRequesterWindow: called",{"source":"openFirstRequesterWindow","isFirstRequester":true,"hasAuthResponse":true,"hasWindowId":true,"isFirstRequesterBooted":false,"isRelaunchingRequesterWindows":false,"openWindowCount":0}]
[18767][1784058726273][main][info]["Shell~init~loginUser: associating the user ","44573074"," with transit partition"]
[18767][1784058726273][main][info]["userPartitionService~getNewPartitionId: creating a partition with userId and teamId as 0"]
[18767][1784058726279][main][info]["userPartitionService~associateTransitPartition: ",{"partitionId":"33ac8d3c-6fb9-4413-a48a-ebbeed5557d8","context":{"namespace":"users","userId":"44573074","teamId":"7607761","region":"us"}}]
[18767][1784058726284][main][info]["userPartitionService: State of v8 partition system:"]
[18767][1784058726285][main][info]["userPartitionService: List of partitions:",[{"partitionId":"33ac8d3c-6fb9-4413-a48a-ebbeed5557d8","namespace":"users","userId":"44573074","teamId":"7607761","lastUpdated":"2026-07-14T19:52:06.279Z"},{"partitionId":"a71084b6-b6a4-4130-b69b-bace00f9c046","namespace":"scratchPad","userId":0,"teamId":0,"isDirty":false}]]
[18767][1784058726285][main][info]["userPartitionService: users global meta:",{}]
[18767][1784058726289][main][info]["Main:windowManager~newRequesterWindow: found partition: 33ac8d3c-6fb9-4413-a48a-ebbeed5557d8 for user: 44573074 on us"]
[18767][1784058726289][main][info]["Main:windowManager~newRequesterWindow: Fetch and update runtime config: us"]
[18767][1784058726297][main][info]["getDesktopReleaseVersionAsQueryParams: webVersion: "]
[18767][1784058728668][main][info]["Main~getRemoteInitPath:: "]
[18767][1784058728722][main][info]["Main - model-events~user - (user, updated) received"]
[18767][1784058728723][main][info]["Main~reload: https://desktop.postman.com/?desktopVersion=12.19.0&userId=44573074&teamId=7607761&region=us"]
[18767][1784058728904][main][info]["UpdateHandler~app-update-events - Received event",{"name":"checkForElectronVersionUpdated","namespace":"appUpdate"}]
[18767][1784058728907][main][info]["INTERCEPTOR CONNECTIVITY: Connecting to Interceptor Bridge"]
[18767][1784058728922][main][info]["windowManager: First requester booted successfully."]
[18767][1784058728922][main][info]["windowManager~restoreWindows: Restoring requester windows"]
[18767][1784058728922][main][info]["WebVersionService: Initialized successfully with version: 12.19.0-ui-260713-0423"]
[18767][1784058728922][main][info]["Main~AppEvents - Received booted event for process requester.Version 12.19.0 UI Version: 12.19.0-ui-260713-0423 Desktop Platform Version: 12.19.0"]
[18767][1784058729017][main][info]["Main~getPlatformLaunchPerfMetrics"]
[18767][1784058729408][main][info]["INTERCEPTOR CONNECTIVITY: Attempting to start websocket server on port 15611"]
[18767][1784058730053][main][info]["Main~getRemoteInitPath:: "]
[18767][1784058730076][main][info]["AppBadgeService: lifecycle event received",{"namespace":"user","name":"bootstrapUser","action":"unsuppress"}]
[18767][1784058730076][main][info]["Main - model-events~user - (user, bootstrapUser) received"]
[18767][1784058730076][main][info]["model-events~user - bootstrapUser received"]
[18767][1784058730112][main][info]["Main - model-events~user - (user, updated) received"]
[18767][1784058730112][main][info]["AppBadgeService: lifecycle event received",{"namespace":"user","name":"bootstrapUser","action":"unsuppress"}]
[18767][1784058730112][main][info]["Main - model-events~user - (user, bootstrapUser) received"]
[18767][1784058730112][main][info]["model-events~user - bootstrapUser received"]
[18767][1784058730283][main][info]["UpdateHandler~app-update-events - Received event",{"name":"checkForElectronVersionUpdated","namespace":"appUpdate"}]
[18767][1784058730295][main][info]["WebVersionService: Initialized successfully with version: 12.19.0-ui-260713-0423"]
[18767][1784058730295][main][info]["Main~AppEvents - Received booted event for process requester.Version 12.19.0 UI Version: 12.19.0-ui-260713-0423 Desktop Platform Version: 12.19.0"]
[18767][1784058730675][main][info]["Main - model-events~user - (user, updated) received"]
[18767][1784058730683][main][info]["Main - model-events~user - (user, updated) received"]
[18767][1784058730775][main][info]["AppBadgeService: lifecycle event received",{"namespace":"user","name":"bootstrappedUser","action":"unsuppress"}]
[18767][1784058730775][main][info]["Main - model-events~user - (user, bootstrappedUser) received"]
[18767][1784058731247][main][info]["AppBadgeService: lifecycle event received",{"namespace":"user","name":"bootstrappedUser","action":"unsuppress"}]
[18767][1784058731247][main][info]["Main - model-events~user - (user, bootstrappedUser) received"]
[18767][1784058731798][main][info]["Main~getPlatformLaunchPerfMetrics"]
[18767][1784058735985][main][info]["Agent.worker: Agent process started"]
[18767][1784058735988][main][info]["Initializing provider:","runtime"]
[18767][1784058735988][main][info]["Initializing provider:","cloudFiles"]
[18767][1784058735988][main][info]["Agent.worker: Provider initialized","cloudFiles"]
[18767][1784058736119][main][info]["Agent.worker: Provider initialized","runtime"]
[18767][1784058736122][main][error]["Error while retrieving user key from keychain",{"code":null,"name":"Error","message":"The name is not activatable"}]
[18767][1784058740821][main][info]["UpdateHandler~app-update-events - Received event",{"name":"updateElectron","namespace":"appUpdate","data":{"channel":"stable","version":"12.19.0","downloadVersion":"12.19.3","appId":"57dfb237-a77b-41ee-9424-578f3ea4fc5e","userAgent":"Mozilla/5.0 (X11; Linux x86_64) AppleWebKit/537.36 (KHTML, like Gecko) Postman/12.19.0 Electron/37.10.3 Safari/537.36","platform":"linux_64","downloadURL":"https://dl.pstmn.io/download/version/12.19.3/linux_64","updateServerDomain":"https://dl.pstmn.io/","additionalParamsString":"installationId=57dfb237-a77b-41ee-9424-578f3ea4fc5e&userId=44573074&syncEnabled=1&teamPlan=sync-free-202603&teamId=7607761","kernelVersion":"7.1.3-2-cachyos","userId":"44573074"}}]
[18767][1784058740821][main][info]["LinuxUpdater~downloadUpdate - UpdateInfo received",{"channel":"stable","version":"12.19.0","downloadVersion":"12.19.3","appId":"57dfb237-a77b-41ee-9424-578f3ea4fc5e","userAgent":"Mozilla/5.0 (X11; Linux x86_64) AppleWebKit/537.36 (KHTML, like Gecko) Postman/12.19.0 Electron/37.10.3 Safari/537.36","platform":"linux_64","downloadURL":"https://dl.pstmn.io/download/version/12.19.3/linux_64","updateServerDomain":"https://dl.pstmn.io/","additionalParamsString":"installationId=57dfb237-a77b-41ee-9424-578f3ea4fc5e&userId=44573074&syncEnabled=1&teamPlan=sync-free-202603&teamId=7607761","kernelVersion":"7.1.3-2-cachyos","userId":"44573074"}]
[18767][1784058741192][main][error]["@postman/app-updater: error",{"errno":-13,"code":"EACCES","syscall":"open","path":"/opt/postman/Postman-1784058740821.tar.gz","name":"Error","message":"EACCES: permission denied, open '/opt/postman/Postman-1784058740821.tar.gz'","stack":"Error: EACCES: permission denied, open '/opt/postman/Postman-1784058740821.tar.gz'"},{"context":{"api":"@postman/app-updater","domain":"starship"},"info":"{\"packageName\":\"Postman\",\"eID\":\"Postman-1784058740821\",\"downloadURL\":\"https://dl.pstmn.io/download/version/12.19.3/linux_64\",\"downloadDirectory\":\"/opt/postman\",\"downloadInfo\":{\"status\":\"DOWNLOAD_ERROR\",\"error\":{\"errno\":-13,\"code\":\"EACCES\",\"syscall\":\"open\",\"path\":\"/opt/postman/Postman-1784058740821.tar.gz\"},\"downloadDirectory\":\"/opt/postman\"}}"}]
[18767][1784058741195][main][info]["UpdateHandler~app-update-events - Received event",{"name":"electronAppUpdateError","namespace":"appUpdate","data":{"error":{"errno":-13,"code":"EACCES","syscall":"open","path":"/opt/postman/Postman-1784058740821.tar.gz","name":"Error","message":"EACCES: permission denied, open '/opt/postman/Postman-1784058740821.tar.gz'","stack":"Error: EACCES: permission denied, open '/opt/postman/Postman-1784058740821.tar.gz'"},"updateData":{"packageName":"Postman","eID":"Postman-1784058740821","downloadURL":"https://dl.pstmn.io/download/version/12.19.3/linux_64","downloadDirectory":"/opt/postman","downloadInfo":{"status":"DOWNLOAD_ERROR","error":{"errno":-13,"code":"EACCES","syscall":"open","path":"/opt/postman/Postman-1784058740821.tar.gz"},"downloadDirectory":"/opt/postman"}}}}]
[18767][1784058794111][main][info]["Initializing provider:","fs"]
[18767][1784058794111][main][info]["Agent.worker: Provider initialized","fs"]
[18767][1784066153267][main][info]["WindowManager~closeHandler - Closed Window (id: 4 )"]
[18767][1784066153304][main][info]["Main~window-all-closed: fired",{"platform":"linux","isFirstRequesterBooted":true,"isRelaunchingRequesterWindows":false,"shouldQuit":true}]
[18767][1784066153304][main][info]["Main~window-all-closed: calling app.quit()"]
[18767][1784066153305][main][info]["Quitting app"]
[18767][1784066153308][main][info]["Mock servers cleanup completed"]
